// Jest Snapshot v1, https://goo.gl/fbAQLP

exports[`should match snapshot 1`] = `
{
  "asFragment": [Function],
  "baseElement": <body>
    <div>
      <div
        class="container-fluid MuiBox-root css-0"
      >
        <div
          class="MuiBox-root css-1baykhj"
        >
          <div
            class="MuiBox-root css-t0pdf1"
          >
            <div
              class="MuiBox-root css-jqffe8"
            >
              <nav
                aria-label="breadcrumb"
                class="MuiTypography-root MuiTypography-body1 MuiBreadcrumbs-root css-5cvx94-MuiTypography-root-MuiBreadcrumbs-root"
              >
                <ol
                  class="MuiBreadcrumbs-ol css-1uwp4ue-MuiBreadcrumbs-ol"
                >
                  <li
                    class="MuiBreadcrumbs-li"
                  >
                    <a
<<<<<<< HEAD
                      class="MuiTypography-root MuiTypography-body1 css-rizt0-MuiTypography-root"
=======
                      class="MuiTypography-root MuiTypography-body1 css-z7oskh-MuiTypography-root"
>>>>>>> master
                      data-discover="true"
                      href="/ui/"
                    >
                      Top
                    </a>
                  </li>
                  <li
                    aria-hidden="true"
                    class="MuiBreadcrumbs-separator css-jhr02i-MuiBreadcrumbs-separator"
                  >
                    /
                  </li>
                  <li
                    class="MuiBreadcrumbs-li"
                  >
                    <a
<<<<<<< HEAD
                      class="MuiTypography-root MuiTypography-body1 css-rizt0-MuiTypography-root"
=======
                      class="MuiTypography-root MuiTypography-body1 css-z7oskh-MuiTypography-root"
>>>>>>> master
                      data-discover="true"
                      href="/ui/entities"
                    >
                      モデル一覧
                    </a>
                  </li>
                  <li
                    aria-hidden="true"
                    class="MuiBreadcrumbs-separator css-jhr02i-MuiBreadcrumbs-separator"
                  >
                    /
                  </li>
                  <li
                    class="MuiBreadcrumbs-li"
                  >
                    <div
                      class="MuiBox-root css-162tvoi"
                    >
                      <a
<<<<<<< HEAD
                        class="MuiTypography-root MuiTypography-body1 css-rizt0-MuiTypography-root"
=======
                        class="MuiTypography-root MuiTypography-body1 css-z7oskh-MuiTypography-root"
>>>>>>> master
                        data-discover="true"
                        href="/ui/entities/1/entries"
                      >
                        test entity
                      </a>
                      <svg
                        aria-hidden="true"
                        class="MuiSvgIcon-root MuiSvgIcon-fontSizeMedium css-1umw9bq-MuiSvgIcon-root"
                        data-testid="LockIcon"
                        focusable="false"
                        viewBox="0 0 24 24"
                      >
                        <path
                          d="M18 8h-1V6c0-2.76-2.24-5-5-5S7 3.24 7 6v2H6c-1.1 0-2 .9-2 2v10c0 1.1.9 2 2 2h12c1.1 0 2-.9 2-2V10c0-1.1-.9-2-2-2m-6 9c-1.1 0-2-.9-2-2s.9-2 2-2 2 .9 2 2-.9 2-2 2m3.1-9H8.9V6c0-1.71 1.39-3.1 3.1-3.1s3.1 1.39 3.1 3.1z"
                        />
                      </svg>
                    </div>
                  </li>
                  <li
                    aria-hidden="true"
                    class="MuiBreadcrumbs-separator css-jhr02i-MuiBreadcrumbs-separator"
                  >
                    /
                  </li>
                  <li
                    class="MuiBreadcrumbs-li"
                  >
                    <p
                      class="MuiTypography-root MuiTypography-body1 css-1bgbmvw-MuiTypography-root"
                    >
                      ACL設定
                    </p>
                  </li>
                </ol>
              </nav>
            </div>
          </div>
        </div>
        <div
          class="MuiBox-root css-1cs9h4l"
        >
          <div
            class="MuiBox-root css-1519avi"
          >
            <div
              class="MuiBox-root css-9rtbay"
            >
              <h6
                class="MuiTypography-root MuiTypography-h6 css-2toz8d-MuiTypography-root"
                id="title"
              >
                acl1
              </h6>
              <h6
                class="MuiTypography-root MuiTypography-subtitle1 css-1i3tsf3-MuiTypography-root"
                id="description"
              >
                ACL設定
              </h6>
              <div
                class="MuiBox-root css-hoapfw"
              >
                <div
                  class="MuiBox-root css-1kdfklj"
                >
                  <button
                    class="MuiButtonBase-root MuiButton-root MuiButton-contained MuiButton-containedSecondary MuiButton-sizeMedium MuiButton-containedSizeMedium MuiButton-colorSecondary MuiButton-root MuiButton-contained MuiButton-containedSecondary MuiButton-sizeMedium MuiButton-containedSizeMedium MuiButton-colorSecondary css-8fe6cp-MuiButtonBase-root-MuiButton-root"
                    id=":r0:"
                    tabindex="0"
                    type="button"
                  >
                    保存
                  </button>
                  <button
                    class="MuiButtonBase-root MuiButton-root MuiButton-contained MuiButton-containedInfo MuiButton-sizeMedium MuiButton-containedSizeMedium MuiButton-colorInfo MuiButton-root MuiButton-contained MuiButton-containedInfo MuiButton-sizeMedium MuiButton-containedSizeMedium MuiButton-colorInfo css-152i8rg-MuiButtonBase-root-MuiButton-root"
                    id=":r1:"
                    tabindex="0"
                    type="button"
                  >
                    キャンセル
                  </button>
                </div>
              </div>
            </div>
            <hr
              class="MuiDivider-root MuiDivider-fullWidth MuiDivider-flexItem css-lhgpb-MuiDivider-root"
            />
          </div>
        </div>
        <div
          class="MuiContainer-root MuiContainer-maxWidthLg css-5c1adp-MuiContainer-root"
        >
          <div
            class="MuiBox-root css-0"
          >
            <table
              class="MuiTable-root table table-bordered css-1xwxv7r-MuiTable-root"
            >
              <thead
                class="MuiTableHead-root css-1a7iywq-MuiTableHead-root"
              >
                <tr
                  class="MuiTableRow-root MuiTableRow-head css-1wtsgsb-MuiTableRow-root"
                >
                  <th
                    class="MuiTableCell-root MuiTableCell-head MuiTableCell-sizeMedium css-1r8jhii-MuiTableCell-root"
                    scope="col"
                  >
                    項目
                  </th>
                  <th
                    class="MuiTableCell-root MuiTableCell-head MuiTableCell-sizeMedium css-ljvtpv-MuiTableCell-root"
                    scope="col"
                  >
                    内容
                  </th>
                </tr>
              </thead>
              <tbody
                class="MuiTableBody-root css-19q3ihk-MuiTableBody-root"
              >
                <tr
                  class="MuiTableRow-root css-1xtozoh-MuiTableRow-root"
                >
                  <td
                    class="MuiTableCell-root MuiTableCell-body MuiTableCell-sizeMedium css-1dc80h3-MuiTableCell-root"
                  >
                    公開設定
                  </td>
                  <td
                    class="MuiTableCell-root MuiTableCell-body MuiTableCell-sizeMedium css-1dc80h3-MuiTableCell-root"
                  >
                    <div
                      class="MuiInputBase-root MuiOutlinedInput-root MuiInputBase-colorPrimary MuiInputBase-fullWidth MuiInputBase-sizeSmall MuiSelect-root css-ovbmre-MuiInputBase-root-MuiOutlinedInput-root-MuiSelect-root"
                    >
                      <div
                        aria-expanded="false"
                        aria-haspopup="listbox"
                        aria-labelledby="is_public"
                        class="MuiSelect-select MuiSelect-outlined MuiInputBase-input MuiOutlinedInput-input MuiInputBase-inputSizeSmall css-si86to-MuiSelect-select-MuiInputBase-input-MuiOutlinedInput-input"
                        id="is_public"
                        role="combobox"
                        tabindex="0"
                      >
                        限定公開
                      </div>
                      <input
                        aria-hidden="true"
                        aria-invalid="false"
                        class="MuiSelect-nativeInput css-j0riat-MuiSelect-nativeInput"
                        name="isPublic"
                        tabindex="-1"
                        value="0"
                      />
                      <svg
                        aria-hidden="true"
                        class="MuiSvgIcon-root MuiSvgIcon-fontSizeMedium MuiSelect-icon MuiSelect-iconOutlined css-lohd6h-MuiSvgIcon-root-MuiSelect-icon"
                        data-testid="ArrowDropDownIcon"
                        focusable="false"
                        viewBox="0 0 24 24"
                      >
                        <path
                          d="M7 10l5 5 5-5z"
                        />
                      </svg>
                      <fieldset
                        aria-hidden="true"
                        class="MuiOutlinedInput-notchedOutline css-1ll44ll-MuiOutlinedInput-notchedOutline"
                      >
                        <legend
                          class="css-w4cd9x"
                        >
                          <span
                            aria-hidden="true"
                            class="notranslate"
                          >
                            ​
                          </span>
                        </legend>
                      </fieldset>
                    </div>
                  </td>
                </tr>
              </tbody>
            </table>
            <div
              class="MuiBox-root css-0"
            >
              <div
                class="MuiBox-root css-zitybv"
              >
                <h4
                  class="MuiTypography-root MuiTypography-h4 MuiTypography-alignCenter css-1ya2hdm-MuiTypography-root"
                  style="--Typography-textAlign: center;"
                >
                  公開制限設定
                </h4>
              </div>
              <table
                class="MuiTable-root table table-bordered css-1xwxv7r-MuiTable-root"
                id="table_role_list"
              >
                <thead
                  class="MuiTableHead-root css-1a7iywq-MuiTableHead-root"
                >
                  <tr
                    class="MuiTableRow-root MuiTableRow-head css-1wtsgsb-MuiTableRow-root"
                  >
                    <th
                      class="MuiTableCell-root MuiTableCell-head MuiTableCell-sizeMedium css-1r8jhii-MuiTableCell-root"
                      scope="col"
                    >
                      ロール
                    </th>
                    <th
                      class="MuiTableCell-root MuiTableCell-head MuiTableCell-sizeMedium css-1yvjlzl-MuiTableCell-root"
                      scope="col"
                    >
                      備考
                    </th>
                    <th
                      class="MuiTableCell-root MuiTableCell-head MuiTableCell-sizeMedium css-ljvtpv-MuiTableCell-root"
                      scope="col"
                    />
                  </tr>
                </thead>
                <tbody
                  class="MuiTableBody-root css-19q3ihk-MuiTableBody-root"
                >
                  <tr
                    class="MuiTableRow-root css-1xtozoh-MuiTableRow-root"
                  >
                    <td
                      class="MuiTableCell-root MuiTableCell-body MuiTableCell-sizeMedium css-1dc80h3-MuiTableCell-root"
                    >
                      全員
                    </td>
                    <td
                      class="MuiTableCell-root MuiTableCell-body MuiTableCell-sizeMedium css-1dc80h3-MuiTableCell-root"
                    />
                    <td
                      class="MuiTableCell-root MuiTableCell-body MuiTableCell-sizeMedium css-1dc80h3-MuiTableCell-root"
                    >
                      <div
                        class="MuiInputBase-root MuiOutlinedInput-root MuiInputBase-colorPrimary MuiInputBase-fullWidth MuiInputBase-sizeSmall MuiSelect-root css-ovbmre-MuiInputBase-root-MuiOutlinedInput-root-MuiSelect-root"
                      >
                        <div
                          aria-expanded="false"
                          aria-haspopup="listbox"
                          aria-labelledby="mui-component-select-defaultPermission"
                          class="MuiSelect-select MuiSelect-outlined MuiInputBase-input MuiOutlinedInput-input MuiInputBase-inputSizeSmall css-si86to-MuiSelect-select-MuiInputBase-input-MuiOutlinedInput-input"
                          id="mui-component-select-defaultPermission"
                          role="combobox"
                          tabindex="0"
                        >
                          権限なし
                        </div>
                        <input
                          aria-hidden="true"
                          aria-invalid="false"
                          class="MuiSelect-nativeInput css-j0riat-MuiSelect-nativeInput"
                          name="defaultPermission"
                          tabindex="-1"
                          value="1"
                        />
                        <svg
                          aria-hidden="true"
                          class="MuiSvgIcon-root MuiSvgIcon-fontSizeMedium MuiSelect-icon MuiSelect-iconOutlined css-lohd6h-MuiSvgIcon-root-MuiSelect-icon"
                          data-testid="ArrowDropDownIcon"
                          focusable="false"
                          viewBox="0 0 24 24"
                        >
                          <path
                            d="M7 10l5 5 5-5z"
                          />
                        </svg>
                        <fieldset
                          aria-hidden="true"
                          class="MuiOutlinedInput-notchedOutline css-1ll44ll-MuiOutlinedInput-notchedOutline"
                        >
                          <legend
                            class="css-w4cd9x"
                          >
                            <span
                              aria-hidden="true"
                              class="notranslate"
                            >
                              ​
                            </span>
                          </legend>
                        </fieldset>
                      </div>
                    </td>
                  </tr>
                  <tr
                    class="MuiTableRow-root css-1xtozoh-MuiTableRow-root"
                  >
                    <td
                      class="MuiTableCell-root MuiTableCell-body MuiTableCell-sizeMedium css-1dc80h3-MuiTableCell-root"
                    >
                      member1
                    </td>
                    <td
                      class="MuiTableCell-root MuiTableCell-body MuiTableCell-sizeMedium css-1dc80h3-MuiTableCell-root"
                    />
                    <td
                      class="MuiTableCell-root MuiTableCell-body MuiTableCell-sizeMedium css-1dc80h3-MuiTableCell-root"
                    >
                      <div
                        class="MuiInputBase-root MuiOutlinedInput-root MuiInputBase-colorPrimary MuiInputBase-fullWidth MuiInputBase-sizeSmall MuiSelect-root css-ovbmre-MuiInputBase-root-MuiOutlinedInput-root-MuiSelect-root"
                      >
                        <div
                          aria-expanded="false"
                          aria-haspopup="listbox"
                          aria-labelledby="mui-component-select-roles.0.currentPermission"
                          class="MuiSelect-select MuiSelect-outlined MuiInputBase-input MuiOutlinedInput-input MuiInputBase-inputSizeSmall css-si86to-MuiSelect-select-MuiInputBase-input-MuiOutlinedInput-input"
                          id="mui-component-select-roles.0.currentPermission"
                          role="combobox"
                          tabindex="0"
                        >
                          権限なし
                        </div>
                        <input
                          aria-hidden="true"
                          aria-invalid="false"
                          class="MuiSelect-nativeInput css-j0riat-MuiSelect-nativeInput"
                          name="roles.0.currentPermission"
                          tabindex="-1"
                          value="1"
                        />
                        <svg
                          aria-hidden="true"
                          class="MuiSvgIcon-root MuiSvgIcon-fontSizeMedium MuiSelect-icon MuiSelect-iconOutlined css-lohd6h-MuiSvgIcon-root-MuiSelect-icon"
                          data-testid="ArrowDropDownIcon"
                          focusable="false"
                          viewBox="0 0 24 24"
                        >
                          <path
                            d="M7 10l5 5 5-5z"
                          />
                        </svg>
                        <fieldset
                          aria-hidden="true"
                          class="MuiOutlinedInput-notchedOutline css-1ll44ll-MuiOutlinedInput-notchedOutline"
                        >
                          <legend
                            class="css-w4cd9x"
                          >
                            <span
                              aria-hidden="true"
                              class="notranslate"
                            >
                              ​
                            </span>
                          </legend>
                        </fieldset>
                      </div>
                    </td>
                  </tr>
                </tbody>
              </table>
            </div>
          </div>
        </div>
      </div>
    </div>
  </body>,
  "container": <div>
    <div
      class="container-fluid MuiBox-root css-0"
    >
      <div
        class="MuiBox-root css-1baykhj"
      >
        <div
          class="MuiBox-root css-t0pdf1"
        >
          <div
            class="MuiBox-root css-jqffe8"
          >
            <nav
              aria-label="breadcrumb"
              class="MuiTypography-root MuiTypography-body1 MuiBreadcrumbs-root css-5cvx94-MuiTypography-root-MuiBreadcrumbs-root"
            >
              <ol
                class="MuiBreadcrumbs-ol css-1uwp4ue-MuiBreadcrumbs-ol"
              >
                <li
                  class="MuiBreadcrumbs-li"
                >
                  <a
<<<<<<< HEAD
                    class="MuiTypography-root MuiTypography-body1 css-rizt0-MuiTypography-root"
=======
                    class="MuiTypography-root MuiTypography-body1 css-z7oskh-MuiTypography-root"
>>>>>>> master
                    data-discover="true"
                    href="/ui/"
                  >
                    Top
                  </a>
                </li>
                <li
                  aria-hidden="true"
                  class="MuiBreadcrumbs-separator css-jhr02i-MuiBreadcrumbs-separator"
                >
                  /
                </li>
                <li
                  class="MuiBreadcrumbs-li"
                >
                  <a
<<<<<<< HEAD
                    class="MuiTypography-root MuiTypography-body1 css-rizt0-MuiTypography-root"
=======
                    class="MuiTypography-root MuiTypography-body1 css-z7oskh-MuiTypography-root"
>>>>>>> master
                    data-discover="true"
                    href="/ui/entities"
                  >
                    モデル一覧
                  </a>
                </li>
                <li
                  aria-hidden="true"
                  class="MuiBreadcrumbs-separator css-jhr02i-MuiBreadcrumbs-separator"
                >
                  /
                </li>
                <li
                  class="MuiBreadcrumbs-li"
                >
                  <div
                    class="MuiBox-root css-162tvoi"
                  >
                    <a
<<<<<<< HEAD
                      class="MuiTypography-root MuiTypography-body1 css-rizt0-MuiTypography-root"
=======
                      class="MuiTypography-root MuiTypography-body1 css-z7oskh-MuiTypography-root"
>>>>>>> master
                      data-discover="true"
                      href="/ui/entities/1/entries"
                    >
                      test entity
                    </a>
                    <svg
                      aria-hidden="true"
                      class="MuiSvgIcon-root MuiSvgIcon-fontSizeMedium css-1umw9bq-MuiSvgIcon-root"
                      data-testid="LockIcon"
                      focusable="false"
                      viewBox="0 0 24 24"
                    >
                      <path
                        d="M18 8h-1V6c0-2.76-2.24-5-5-5S7 3.24 7 6v2H6c-1.1 0-2 .9-2 2v10c0 1.1.9 2 2 2h12c1.1 0 2-.9 2-2V10c0-1.1-.9-2-2-2m-6 9c-1.1 0-2-.9-2-2s.9-2 2-2 2 .9 2 2-.9 2-2 2m3.1-9H8.9V6c0-1.71 1.39-3.1 3.1-3.1s3.1 1.39 3.1 3.1z"
                      />
                    </svg>
                  </div>
                </li>
                <li
                  aria-hidden="true"
                  class="MuiBreadcrumbs-separator css-jhr02i-MuiBreadcrumbs-separator"
                >
                  /
                </li>
                <li
                  class="MuiBreadcrumbs-li"
                >
                  <p
                    class="MuiTypography-root MuiTypography-body1 css-1bgbmvw-MuiTypography-root"
                  >
                    ACL設定
                  </p>
                </li>
              </ol>
            </nav>
          </div>
        </div>
      </div>
      <div
        class="MuiBox-root css-1cs9h4l"
      >
        <div
          class="MuiBox-root css-1519avi"
        >
          <div
            class="MuiBox-root css-9rtbay"
          >
            <h6
              class="MuiTypography-root MuiTypography-h6 css-2toz8d-MuiTypography-root"
              id="title"
            >
              acl1
            </h6>
            <h6
              class="MuiTypography-root MuiTypography-subtitle1 css-1i3tsf3-MuiTypography-root"
              id="description"
            >
              ACL設定
            </h6>
            <div
              class="MuiBox-root css-hoapfw"
            >
              <div
                class="MuiBox-root css-1kdfklj"
              >
                <button
                  class="MuiButtonBase-root MuiButton-root MuiButton-contained MuiButton-containedSecondary MuiButton-sizeMedium MuiButton-containedSizeMedium MuiButton-colorSecondary MuiButton-root MuiButton-contained MuiButton-containedSecondary MuiButton-sizeMedium MuiButton-containedSizeMedium MuiButton-colorSecondary css-8fe6cp-MuiButtonBase-root-MuiButton-root"
                  id=":r0:"
                  tabindex="0"
                  type="button"
                >
                  保存
                </button>
                <button
                  class="MuiButtonBase-root MuiButton-root MuiButton-contained MuiButton-containedInfo MuiButton-sizeMedium MuiButton-containedSizeMedium MuiButton-colorInfo MuiButton-root MuiButton-contained MuiButton-containedInfo MuiButton-sizeMedium MuiButton-containedSizeMedium MuiButton-colorInfo css-152i8rg-MuiButtonBase-root-MuiButton-root"
                  id=":r1:"
                  tabindex="0"
                  type="button"
                >
                  キャンセル
                </button>
              </div>
            </div>
          </div>
          <hr
            class="MuiDivider-root MuiDivider-fullWidth MuiDivider-flexItem css-lhgpb-MuiDivider-root"
          />
        </div>
      </div>
      <div
        class="MuiContainer-root MuiContainer-maxWidthLg css-5c1adp-MuiContainer-root"
      >
        <div
          class="MuiBox-root css-0"
        >
          <table
            class="MuiTable-root table table-bordered css-1xwxv7r-MuiTable-root"
          >
            <thead
              class="MuiTableHead-root css-1a7iywq-MuiTableHead-root"
            >
              <tr
                class="MuiTableRow-root MuiTableRow-head css-1wtsgsb-MuiTableRow-root"
              >
                <th
                  class="MuiTableCell-root MuiTableCell-head MuiTableCell-sizeMedium css-1r8jhii-MuiTableCell-root"
                  scope="col"
                >
                  項目
                </th>
                <th
                  class="MuiTableCell-root MuiTableCell-head MuiTableCell-sizeMedium css-ljvtpv-MuiTableCell-root"
                  scope="col"
                >
                  内容
                </th>
              </tr>
            </thead>
            <tbody
              class="MuiTableBody-root css-19q3ihk-MuiTableBody-root"
            >
              <tr
                class="MuiTableRow-root css-1xtozoh-MuiTableRow-root"
              >
                <td
                  class="MuiTableCell-root MuiTableCell-body MuiTableCell-sizeMedium css-1dc80h3-MuiTableCell-root"
                >
                  公開設定
                </td>
                <td
                  class="MuiTableCell-root MuiTableCell-body MuiTableCell-sizeMedium css-1dc80h3-MuiTableCell-root"
                >
                  <div
                    class="MuiInputBase-root MuiOutlinedInput-root MuiInputBase-colorPrimary MuiInputBase-fullWidth MuiInputBase-sizeSmall MuiSelect-root css-ovbmre-MuiInputBase-root-MuiOutlinedInput-root-MuiSelect-root"
                  >
                    <div
                      aria-expanded="false"
                      aria-haspopup="listbox"
                      aria-labelledby="is_public"
                      class="MuiSelect-select MuiSelect-outlined MuiInputBase-input MuiOutlinedInput-input MuiInputBase-inputSizeSmall css-si86to-MuiSelect-select-MuiInputBase-input-MuiOutlinedInput-input"
                      id="is_public"
                      role="combobox"
                      tabindex="0"
                    >
                      限定公開
                    </div>
                    <input
                      aria-hidden="true"
                      aria-invalid="false"
                      class="MuiSelect-nativeInput css-j0riat-MuiSelect-nativeInput"
                      name="isPublic"
                      tabindex="-1"
                      value="0"
                    />
                    <svg
                      aria-hidden="true"
                      class="MuiSvgIcon-root MuiSvgIcon-fontSizeMedium MuiSelect-icon MuiSelect-iconOutlined css-lohd6h-MuiSvgIcon-root-MuiSelect-icon"
                      data-testid="ArrowDropDownIcon"
                      focusable="false"
                      viewBox="0 0 24 24"
                    >
                      <path
                        d="M7 10l5 5 5-5z"
                      />
                    </svg>
                    <fieldset
                      aria-hidden="true"
                      class="MuiOutlinedInput-notchedOutline css-1ll44ll-MuiOutlinedInput-notchedOutline"
                    >
                      <legend
                        class="css-w4cd9x"
                      >
                        <span
                          aria-hidden="true"
                          class="notranslate"
                        >
                          ​
                        </span>
                      </legend>
                    </fieldset>
                  </div>
                </td>
              </tr>
            </tbody>
          </table>
          <div
            class="MuiBox-root css-0"
          >
            <div
              class="MuiBox-root css-zitybv"
            >
              <h4
                class="MuiTypography-root MuiTypography-h4 MuiTypography-alignCenter css-1ya2hdm-MuiTypography-root"
                style="--Typography-textAlign: center;"
              >
                公開制限設定
              </h4>
            </div>
            <table
              class="MuiTable-root table table-bordered css-1xwxv7r-MuiTable-root"
              id="table_role_list"
            >
              <thead
                class="MuiTableHead-root css-1a7iywq-MuiTableHead-root"
              >
                <tr
                  class="MuiTableRow-root MuiTableRow-head css-1wtsgsb-MuiTableRow-root"
                >
                  <th
                    class="MuiTableCell-root MuiTableCell-head MuiTableCell-sizeMedium css-1r8jhii-MuiTableCell-root"
                    scope="col"
                  >
                    ロール
                  </th>
                  <th
                    class="MuiTableCell-root MuiTableCell-head MuiTableCell-sizeMedium css-1yvjlzl-MuiTableCell-root"
                    scope="col"
                  >
                    備考
                  </th>
                  <th
                    class="MuiTableCell-root MuiTableCell-head MuiTableCell-sizeMedium css-ljvtpv-MuiTableCell-root"
                    scope="col"
                  />
                </tr>
              </thead>
              <tbody
                class="MuiTableBody-root css-19q3ihk-MuiTableBody-root"
              >
                <tr
                  class="MuiTableRow-root css-1xtozoh-MuiTableRow-root"
                >
                  <td
                    class="MuiTableCell-root MuiTableCell-body MuiTableCell-sizeMedium css-1dc80h3-MuiTableCell-root"
                  >
                    全員
                  </td>
                  <td
                    class="MuiTableCell-root MuiTableCell-body MuiTableCell-sizeMedium css-1dc80h3-MuiTableCell-root"
                  />
                  <td
                    class="MuiTableCell-root MuiTableCell-body MuiTableCell-sizeMedium css-1dc80h3-MuiTableCell-root"
                  >
                    <div
                      class="MuiInputBase-root MuiOutlinedInput-root MuiInputBase-colorPrimary MuiInputBase-fullWidth MuiInputBase-sizeSmall MuiSelect-root css-ovbmre-MuiInputBase-root-MuiOutlinedInput-root-MuiSelect-root"
                    >
                      <div
                        aria-expanded="false"
                        aria-haspopup="listbox"
                        aria-labelledby="mui-component-select-defaultPermission"
                        class="MuiSelect-select MuiSelect-outlined MuiInputBase-input MuiOutlinedInput-input MuiInputBase-inputSizeSmall css-si86to-MuiSelect-select-MuiInputBase-input-MuiOutlinedInput-input"
                        id="mui-component-select-defaultPermission"
                        role="combobox"
                        tabindex="0"
                      >
                        権限なし
                      </div>
                      <input
                        aria-hidden="true"
                        aria-invalid="false"
                        class="MuiSelect-nativeInput css-j0riat-MuiSelect-nativeInput"
                        name="defaultPermission"
                        tabindex="-1"
                        value="1"
                      />
                      <svg
                        aria-hidden="true"
                        class="MuiSvgIcon-root MuiSvgIcon-fontSizeMedium MuiSelect-icon MuiSelect-iconOutlined css-lohd6h-MuiSvgIcon-root-MuiSelect-icon"
                        data-testid="ArrowDropDownIcon"
                        focusable="false"
                        viewBox="0 0 24 24"
                      >
                        <path
                          d="M7 10l5 5 5-5z"
                        />
                      </svg>
                      <fieldset
                        aria-hidden="true"
                        class="MuiOutlinedInput-notchedOutline css-1ll44ll-MuiOutlinedInput-notchedOutline"
                      >
                        <legend
                          class="css-w4cd9x"
                        >
                          <span
                            aria-hidden="true"
                            class="notranslate"
                          >
                            ​
                          </span>
                        </legend>
                      </fieldset>
                    </div>
                  </td>
                </tr>
                <tr
                  class="MuiTableRow-root css-1xtozoh-MuiTableRow-root"
                >
                  <td
                    class="MuiTableCell-root MuiTableCell-body MuiTableCell-sizeMedium css-1dc80h3-MuiTableCell-root"
                  >
                    member1
                  </td>
                  <td
                    class="MuiTableCell-root MuiTableCell-body MuiTableCell-sizeMedium css-1dc80h3-MuiTableCell-root"
                  />
                  <td
                    class="MuiTableCell-root MuiTableCell-body MuiTableCell-sizeMedium css-1dc80h3-MuiTableCell-root"
                  >
                    <div
                      class="MuiInputBase-root MuiOutlinedInput-root MuiInputBase-colorPrimary MuiInputBase-fullWidth MuiInputBase-sizeSmall MuiSelect-root css-ovbmre-MuiInputBase-root-MuiOutlinedInput-root-MuiSelect-root"
                    >
                      <div
                        aria-expanded="false"
                        aria-haspopup="listbox"
                        aria-labelledby="mui-component-select-roles.0.currentPermission"
                        class="MuiSelect-select MuiSelect-outlined MuiInputBase-input MuiOutlinedInput-input MuiInputBase-inputSizeSmall css-si86to-MuiSelect-select-MuiInputBase-input-MuiOutlinedInput-input"
                        id="mui-component-select-roles.0.currentPermission"
                        role="combobox"
                        tabindex="0"
                      >
                        権限なし
                      </div>
                      <input
                        aria-hidden="true"
                        aria-invalid="false"
                        class="MuiSelect-nativeInput css-j0riat-MuiSelect-nativeInput"
                        name="roles.0.currentPermission"
                        tabindex="-1"
                        value="1"
                      />
                      <svg
                        aria-hidden="true"
                        class="MuiSvgIcon-root MuiSvgIcon-fontSizeMedium MuiSelect-icon MuiSelect-iconOutlined css-lohd6h-MuiSvgIcon-root-MuiSelect-icon"
                        data-testid="ArrowDropDownIcon"
                        focusable="false"
                        viewBox="0 0 24 24"
                      >
                        <path
                          d="M7 10l5 5 5-5z"
                        />
                      </svg>
                      <fieldset
                        aria-hidden="true"
                        class="MuiOutlinedInput-notchedOutline css-1ll44ll-MuiOutlinedInput-notchedOutline"
                      >
                        <legend
                          class="css-w4cd9x"
                        >
                          <span
                            aria-hidden="true"
                            class="notranslate"
                          >
                            ​
                          </span>
                        </legend>
                      </fieldset>
                    </div>
                  </td>
                </tr>
              </tbody>
            </table>
          </div>
        </div>
      </div>
    </div>
  </div>,
  "debug": [Function],
  "findAllByAltText": [Function],
  "findAllByDisplayValue": [Function],
  "findAllByLabelText": [Function],
  "findAllByPlaceholderText": [Function],
  "findAllByRole": [Function],
  "findAllByTestId": [Function],
  "findAllByText": [Function],
  "findAllByTitle": [Function],
  "findByAltText": [Function],
  "findByDisplayValue": [Function],
  "findByLabelText": [Function],
  "findByPlaceholderText": [Function],
  "findByRole": [Function],
  "findByTestId": [Function],
  "findByText": [Function],
  "findByTitle": [Function],
  "getAllByAltText": [Function],
  "getAllByDisplayValue": [Function],
  "getAllByLabelText": [Function],
  "getAllByPlaceholderText": [Function],
  "getAllByRole": [Function],
  "getAllByTestId": [Function],
  "getAllByText": [Function],
  "getAllByTitle": [Function],
  "getByAltText": [Function],
  "getByDisplayValue": [Function],
  "getByLabelText": [Function],
  "getByPlaceholderText": [Function],
  "getByRole": [Function],
  "getByTestId": [Function],
  "getByText": [Function],
  "getByTitle": [Function],
  "queryAllByAltText": [Function],
  "queryAllByDisplayValue": [Function],
  "queryAllByLabelText": [Function],
  "queryAllByPlaceholderText": [Function],
  "queryAllByRole": [Function],
  "queryAllByTestId": [Function],
  "queryAllByText": [Function],
  "queryAllByTitle": [Function],
  "queryByAltText": [Function],
  "queryByDisplayValue": [Function],
  "queryByLabelText": [Function],
  "queryByPlaceholderText": [Function],
  "queryByRole": [Function],
  "queryByTestId": [Function],
  "queryByText": [Function],
  "queryByTitle": [Function],
  "rerender": [Function],
  "unmount": [Function],
}
`;
