// Jest Snapshot v1, https://goo.gl/fbAQLP

exports[`should match snapshot 1`] = `
{
  "asFragment": [Function],
  "baseElement": <body>
    <div>
      <div
        class="container-fluid MuiBox-root css-0"
      >
        <div
          class="MuiBox-root css-1baykhj"
        >
          <div
            class="MuiBox-root css-t0pdf1"
          >
            <div
              class="MuiBox-root css-jqffe8"
            >
              <nav
                aria-label="breadcrumb"
                class="MuiTypography-root MuiTypography-body1 MuiBreadcrumbs-root css-5cvx94-MuiTypography-root-MuiBreadcrumbs-root"
              >
                <ol
                  class="MuiBreadcrumbs-ol css-1uwp4ue-MuiBreadcrumbs-ol"
                >
                  <li
                    class="MuiBreadcrumbs-li"
                  >
                    <a
                      class="MuiTypography-root MuiTypography-body1 css-1rk5fdy-MuiTypography-root"
                      data-discover="true"
                      href="/ui/"
                    >
                      Top
                    </a>
                  </li>
                  <li
                    aria-hidden="true"
                    class="MuiBreadcrumbs-separator css-jhr02i-MuiBreadcrumbs-separator"
                  >
                    /
                  </li>
                  <li
                    class="MuiBreadcrumbs-li"
                  >
                    <a
                      class="MuiTypography-root MuiTypography-body1 css-1rk5fdy-MuiTypography-root"
                      data-discover="true"
                      href="/ui/advanced_search"
                    >
                      高度な検索
                    </a>
                  </li>
                  <li
                    aria-hidden="true"
                    class="MuiBreadcrumbs-separator css-jhr02i-MuiBreadcrumbs-separator"
                  >
                    /
                  </li>
                  <li
                    class="MuiBreadcrumbs-li"
                  >
                    <p
                      class="MuiTypography-root MuiTypography-body1 css-1bgbmvw-MuiTypography-root"
                    >
                      検索結果
                    </p>
                  </li>
                </ol>
              </nav>
            </div>
          </div>
        </div>
        <div
          class="MuiBox-root css-1cs9h4l"
        >
          <div
            class="MuiBox-root css-1519avi"
          >
            <div
              class="MuiBox-root css-9rtbay"
            >
              <h6
                class="MuiTypography-root MuiTypography-h6 css-2toz8d-MuiTypography-root"
                id="title"
              >
                検索結果
              </h6>
              <h6
                class="MuiTypography-root MuiTypography-subtitle1 css-1i3tsf3-MuiTypography-root"
                id="description"
              >
                1 件
              </h6>
              <div
                class="MuiBox-root css-hoapfw"
              >
                <div
                  class="MuiBox-root css-1l4w6pd"
                >
                  <button
                    class="MuiButtonBase-root MuiButton-root MuiButton-contained MuiButton-containedInfo MuiButton-sizeMedium MuiButton-containedSizeMedium MuiButton-colorInfo MuiButton-root MuiButton-contained MuiButton-containedInfo MuiButton-sizeMedium MuiButton-containedSizeMedium MuiButton-colorInfo css-mnflth-MuiButtonBase-root-MuiButton-root"
                    id=":r0:"
                    tabindex="0"
                    type="button"
                  >
                    <span
                      class="MuiButton-icon MuiButton-startIcon MuiButton-iconSizeMedium css-1sh91j5-MuiButton-startIcon"
                    >
                      <svg
                        aria-hidden="true"
                        class="MuiSvgIcon-root MuiSvgIcon-fontSizeMedium css-1umw9bq-MuiSvgIcon-root"
                        data-testid="SettingsIcon"
                        focusable="false"
                        viewBox="0 0 24 24"
                      >
                        <path
                          d="M19.14 12.94c.04-.3.06-.61.06-.94 0-.32-.02-.64-.07-.94l2.03-1.58c.18-.14.23-.41.12-.61l-1.92-3.32c-.12-.22-.37-.29-.59-.22l-2.39.96c-.5-.38-1.03-.7-1.62-.94l-.36-2.54c-.04-.24-.24-.41-.48-.41h-3.84c-.24 0-.43.17-.47.41l-.36 2.54c-.59.24-1.13.57-1.62.94l-2.39-.96c-.22-.08-.47 0-.59.22L2.74 8.87c-.12.21-.08.47.12.61l2.03 1.58c-.05.3-.09.63-.09.94s.02.64.07.94l-2.03 1.58c-.18.14-.23.41-.12.61l1.92 3.32c.12.22.37.29.59.22l2.39-.96c.5.38 1.03.7 1.62.94l.36 2.54c.05.24.24.41.48.41h3.84c.24 0 .44-.17.47-.41l.36-2.54c.59-.24 1.13-.56 1.62-.94l2.39.96c.22.08.47 0 .59-.22l1.92-3.32c.12-.22.07-.47-.12-.61zM12 15.6c-1.98 0-3.6-1.62-3.6-3.6s1.62-3.6 3.6-3.6 3.6 1.62 3.6 3.6-1.62 3.6-3.6 3.6"
                        />
                      </svg>
                    </span>
                    属性の再設定
                  </button>
                  <div
                    class="MuiBox-root css-0"
                  >
                    <button
                      class="MuiButtonBase-root MuiButton-root MuiButton-contained MuiButton-containedInfo MuiButton-sizeMedium MuiButton-containedSizeMedium MuiButton-colorInfo MuiButton-root MuiButton-contained MuiButton-containedInfo MuiButton-sizeMedium MuiButton-containedSizeMedium MuiButton-colorInfo css-fm83n0-MuiButtonBase-root-MuiButton-root"
                      id=":r1:"
                      tabindex="0"
                      type="button"
                    >
                      YAML 出力
                    </button>
                  </div>
                  <div
                    class="MuiBox-root css-0"
                  >
                    <button
                      class="MuiButtonBase-root MuiButton-root MuiButton-contained MuiButton-containedInfo MuiButton-sizeMedium MuiButton-containedSizeMedium MuiButton-colorInfo MuiButton-root MuiButton-contained MuiButton-containedInfo MuiButton-sizeMedium MuiButton-containedSizeMedium MuiButton-colorInfo css-19ekxha-MuiButtonBase-root-MuiButton-root"
                      id=":r2:"
                      tabindex="0"
                      type="button"
                    >
                      CSV 出力
                    </button>
                  </div>
                  <div
                    class="MuiBox-root css-0"
                  >
                    <button
                      class="MuiButtonBase-root MuiButton-root MuiButton-contained MuiButton-containedInfo MuiButton-sizeMedium MuiButton-containedSizeMedium MuiButton-colorInfo Mui-disabled MuiButton-root MuiButton-contained MuiButton-containedInfo MuiButton-sizeMedium MuiButton-containedSizeMedium MuiButton-colorInfo css-fm83n0-MuiButtonBase-root-MuiButton-root"
                      disabled=""
                      id=":r3:"
                      tabindex="-1"
                      type="button"
                    >
                      <span
                        class="MuiButton-icon MuiButton-startIcon MuiButton-iconSizeMedium css-1sh91j5-MuiButton-startIcon"
                      >
                        <svg
                          aria-hidden="true"
                          class="MuiSvgIcon-root MuiSvgIcon-fontSizeMedium css-1umw9bq-MuiSvgIcon-root"
                          data-testid="DeleteOutlineIcon"
                          focusable="false"
                          viewBox="0 0 24 24"
                        >
                          <path
                            d="M6 19c0 1.1.9 2 2 2h8c1.1 0 2-.9 2-2V7H6zM8 9h8v10H8zm7.5-5-1-1h-5l-1 1H5v2h14V4z"
                          />
                        </svg>
                      </span>
                      まとめて削除
                    </button>
                  </div>
                </div>
              </div>
            </div>
            <hr
              class="MuiDivider-root MuiDivider-fullWidth MuiDivider-flexItem css-lhgpb-MuiDivider-root"
            />
          </div>
        </div>
        <div
          class="MuiBox-root css-0"
        >
          <div
            class="MuiBox-root css-j7qwjs"
          >
            <div
              class="MuiBox-root css-xc9v4r"
            >
              <div
                class="MuiPaper-root MuiPaper-elevation MuiPaper-rounded MuiPaper-elevation1 MuiTableContainer-root css-y2ff7i-MuiPaper-root-MuiTableContainer-root"
                style="--Paper-shadow: 0px 2px 1px -1px rgba(0,0,0,0.2),0px 1px 1px 0px rgba(0,0,0,0.14),0px 1px 3px 0px rgba(0,0,0,0.12);"
              >
                <table
                  class="MuiTable-root css-1xwxv7r-MuiTable-root"
                  id="table_result_list"
                >
                  <thead
                    class="MuiTableHead-root css-1a7iywq-MuiTableHead-root"
                  >
                    <tr
                      class="MuiTableRow-root MuiTableRow-head css-1zxdl6-MuiTableRow-root"
                    >
                      <th
                        class="MuiTableCell-root MuiTableCell-head MuiTableCell-sizeMedium css-16v8e99-MuiTableCell-root"
                        scope="col"
                      />
                      <th
                        class="MuiTableCell-root MuiTableCell-head MuiTableCell-sizeMedium css-msxbr9-MuiTableCell-root"
                        scope="col"
                      >
                        <div
                          class="MuiBox-root css-1p22ljb"
                        >
                          <p
                            class="MuiTypography-root MuiTypography-body1 css-rizt0-MuiTypography-root"
                          >
                            アイテム名
                          </p>
                          <button
                            class="MuiButtonBase-root MuiIconButton-root MuiIconButton-sizeMedium css-5ws45t-MuiButtonBase-root-MuiIconButton-root"
                            id=":r5:"
                            tabindex="0"
                            type="button"
                          >
                            <svg
                              aria-hidden="true"
                              class="MuiSvgIcon-root MuiSvgIcon-fontSizeMedium css-1umw9bq-MuiSvgIcon-root"
                              data-testid="FilterListIcon"
                              focusable="false"
                              viewBox="0 0 24 24"
                            >
                              <path
                                d="M10 18h4v-2h-4zM3 6v2h18V6zm3 7h12v-2H6z"
                              />
                            </svg>
                          </button>
                        </div>
                      </th>
                    </tr>
                  </thead>
                  <tbody
                    class="MuiTableBody-root css-gmh7jj-MuiTableBody-root"
                  >
                    <tr
                      class="MuiTableRow-root css-19hlvb6-MuiTableRow-root"
                    >
                      <td
                        class="MuiTableCell-root MuiTableCell-body MuiTableCell-sizeMedium css-nvkn62-MuiTableCell-root"
                      >
                        <span
                          class="MuiButtonBase-root MuiCheckbox-root MuiCheckbox-colorPrimary MuiCheckbox-sizeMedium PrivateSwitchBase-root MuiCheckbox-root MuiCheckbox-colorPrimary MuiCheckbox-sizeMedium MuiCheckbox-root MuiCheckbox-colorPrimary MuiCheckbox-sizeMedium css-imrjgg-MuiButtonBase-root-MuiCheckbox-root"
                        >
                          <input
                            class="PrivateSwitchBase-input css-j8yymo"
                            data-indeterminate="false"
                            type="checkbox"
                          />
                          <svg
                            aria-hidden="true"
                            class="MuiSvgIcon-root MuiSvgIcon-fontSizeMedium css-1umw9bq-MuiSvgIcon-root"
                            data-testid="CheckBoxOutlineBlankIcon"
                            focusable="false"
                            viewBox="0 0 24 24"
                          >
                            <path
                              d="M19 5v14H5V5h14m0-2H5c-1.1 0-2 .9-2 2v14c0 1.1.9 2 2 2h14c1.1 0 2-.9 2-2V5c0-1.1-.9-2-2-2z"
                            />
                          </svg>
                        </span>
                      </td>
                      <td
                        class="MuiTableCell-root MuiTableCell-body MuiTableCell-sizeMedium css-1dc80h3-MuiTableCell-root"
                      >
                        <a
                          class="MuiBox-root css-p5ouq3"
                          data-discover="true"
                          href="/ui/entities/1/entries/2/details"
                        >
                          entry1
                        </a>
                      </td>
                    </tr>
                  </tbody>
                </table>
              </div>
              <div
                class="MuiBox-root css-5hgm98"
                id="pagination"
              >
                <p
                  class="MuiTypography-root MuiTypography-body1 css-rizt0-MuiTypography-root"
                >
                  1 - 1 / 1 件
                </p>
                <div
                  class="MuiStack-root css-1sazv7p-MuiStack-root"
                >
                  <nav
                    aria-label="pagination navigation"
                    class="MuiPagination-root MuiPagination-text css-1xra8g6-MuiPagination-root"
                  >
                    <ul
                      class="MuiPagination-ul css-1c5o7vy-MuiPagination-ul"
                    >
                      <li>
                        <button
                          aria-label="Go to previous page"
                          class="MuiButtonBase-root Mui-disabled MuiPaginationItem-root MuiPaginationItem-sizeMedium MuiPaginationItem-text MuiPaginationItem-circular MuiPaginationItem-colorPrimary MuiPaginationItem-textPrimary Mui-disabled MuiPaginationItem-previousNext css-1bug3cd-MuiButtonBase-root-MuiPaginationItem-root"
                          disabled=""
                          tabindex="-1"
                          type="button"
                        >
                          <svg
                            aria-hidden="true"
                            class="MuiSvgIcon-root MuiSvgIcon-fontSizeMedium MuiPaginationItem-icon css-8uzxat-MuiSvgIcon-root-MuiPaginationItem-icon"
                            data-testid="NavigateBeforeIcon"
                            focusable="false"
                            viewBox="0 0 24 24"
                          >
                            <path
                              d="M15.41 7.41L14 6l-6 6 6 6 1.41-1.41L10.83 12z"
                            />
                          </svg>
                        </button>
                      </li>
                      <li>
                        <button
                          aria-current="page"
                          aria-label="page 1"
                          class="MuiButtonBase-root MuiPaginationItem-root MuiPaginationItem-sizeMedium MuiPaginationItem-text MuiPaginationItem-circular MuiPaginationItem-colorPrimary MuiPaginationItem-textPrimary Mui-selected MuiPaginationItem-page css-1bug3cd-MuiButtonBase-root-MuiPaginationItem-root"
                          tabindex="0"
                          type="button"
                        >
                          1
                        </button>
                      </li>
                      <li>
                        <button
                          aria-label="Go to next page"
                          class="MuiButtonBase-root Mui-disabled MuiPaginationItem-root MuiPaginationItem-sizeMedium MuiPaginationItem-text MuiPaginationItem-circular MuiPaginationItem-colorPrimary MuiPaginationItem-textPrimary Mui-disabled MuiPaginationItem-previousNext css-1bug3cd-MuiButtonBase-root-MuiPaginationItem-root"
                          disabled=""
                          tabindex="-1"
                          type="button"
                        >
                          <svg
                            aria-hidden="true"
                            class="MuiSvgIcon-root MuiSvgIcon-fontSizeMedium MuiPaginationItem-icon css-8uzxat-MuiSvgIcon-root-MuiPaginationItem-icon"
                            data-testid="NavigateNextIcon"
                            focusable="false"
                            viewBox="0 0 24 24"
                          >
                            <path
                              d="M10 6L8.59 7.41 13.17 12l-4.58 4.59L10 18l6-6z"
                            />
                          </svg>
                        </button>
                      </li>
                    </ul>
                  </nav>
                </div>
              </div>
            </div>
          </div>
        </div>
      </div>
    </div>
  </body>,
  "container": <div>
    <div
      class="container-fluid MuiBox-root css-0"
    >
      <div
        class="MuiBox-root css-1baykhj"
      >
        <div
          class="MuiBox-root css-t0pdf1"
        >
          <div
            class="MuiBox-root css-jqffe8"
          >
            <nav
              aria-label="breadcrumb"
              class="MuiTypography-root MuiTypography-body1 MuiBreadcrumbs-root css-5cvx94-MuiTypography-root-MuiBreadcrumbs-root"
            >
              <ol
                class="MuiBreadcrumbs-ol css-1uwp4ue-MuiBreadcrumbs-ol"
              >
                <li
                  class="MuiBreadcrumbs-li"
                >
                  <a
                    class="MuiTypography-root MuiTypography-body1 css-1rk5fdy-MuiTypography-root"
                    data-discover="true"
                    href="/ui/"
                  >
                    Top
                  </a>
                </li>
                <li
                  aria-hidden="true"
                  class="MuiBreadcrumbs-separator css-jhr02i-MuiBreadcrumbs-separator"
                >
                  /
                </li>
                <li
                  class="MuiBreadcrumbs-li"
                >
                  <a
                    class="MuiTypography-root MuiTypography-body1 css-1rk5fdy-MuiTypography-root"
                    data-discover="true"
                    href="/ui/advanced_search"
                  >
                    高度な検索
                  </a>
                </li>
                <li
                  aria-hidden="true"
                  class="MuiBreadcrumbs-separator css-jhr02i-MuiBreadcrumbs-separator"
                >
                  /
                </li>
                <li
                  class="MuiBreadcrumbs-li"
                >
                  <p
                    class="MuiTypography-root MuiTypography-body1 css-1bgbmvw-MuiTypography-root"
                  >
                    検索結果
                  </p>
                </li>
              </ol>
            </nav>
          </div>
        </div>
      </div>
      <div
        class="MuiBox-root css-1cs9h4l"
      >
        <div
          class="MuiBox-root css-1519avi"
        >
          <div
            class="MuiBox-root css-9rtbay"
          >
            <h6
              class="MuiTypography-root MuiTypography-h6 css-2toz8d-MuiTypography-root"
              id="title"
            >
              検索結果
            </h6>
            <h6
              class="MuiTypography-root MuiTypography-subtitle1 css-1i3tsf3-MuiTypography-root"
              id="description"
            >
              1 件
            </h6>
            <div
              class="MuiBox-root css-hoapfw"
            >
              <div
                class="MuiBox-root css-1l4w6pd"
              >
                <button
                  class="MuiButtonBase-root MuiButton-root MuiButton-contained MuiButton-containedInfo MuiButton-sizeMedium MuiButton-containedSizeMedium MuiButton-colorInfo MuiButton-root MuiButton-contained MuiButton-containedInfo MuiButton-sizeMedium MuiButton-containedSizeMedium MuiButton-colorInfo css-mnflth-MuiButtonBase-root-MuiButton-root"
                  id=":r0:"
                  tabindex="0"
                  type="button"
                >
                  <span
                    class="MuiButton-icon MuiButton-startIcon MuiButton-iconSizeMedium css-1sh91j5-MuiButton-startIcon"
                  >
                    <svg
                      aria-hidden="true"
                      class="MuiSvgIcon-root MuiSvgIcon-fontSizeMedium css-1umw9bq-MuiSvgIcon-root"
                      data-testid="SettingsIcon"
                      focusable="false"
                      viewBox="0 0 24 24"
                    >
                      <path
                        d="M19.14 12.94c.04-.3.06-.61.06-.94 0-.32-.02-.64-.07-.94l2.03-1.58c.18-.14.23-.41.12-.61l-1.92-3.32c-.12-.22-.37-.29-.59-.22l-2.39.96c-.5-.38-1.03-.7-1.62-.94l-.36-2.54c-.04-.24-.24-.41-.48-.41h-3.84c-.24 0-.43.17-.47.41l-.36 2.54c-.59.24-1.13.57-1.62.94l-2.39-.96c-.22-.08-.47 0-.59.22L2.74 8.87c-.12.21-.08.47.12.61l2.03 1.58c-.05.3-.09.63-.09.94s.02.64.07.94l-2.03 1.58c-.18.14-.23.41-.12.61l1.92 3.32c.12.22.37.29.59.22l2.39-.96c.5.38 1.03.7 1.62.94l.36 2.54c.05.24.24.41.48.41h3.84c.24 0 .44-.17.47-.41l.36-2.54c.59-.24 1.13-.56 1.62-.94l2.39.96c.22.08.47 0 .59-.22l1.92-3.32c.12-.22.07-.47-.12-.61zM12 15.6c-1.98 0-3.6-1.62-3.6-3.6s1.62-3.6 3.6-3.6 3.6 1.62 3.6 3.6-1.62 3.6-3.6 3.6"
                      />
                    </svg>
                  </span>
                  属性の再設定
                </button>
                <div
                  class="MuiBox-root css-0"
                >
                  <button
                    class="MuiButtonBase-root MuiButton-root MuiButton-contained MuiButton-containedInfo MuiButton-sizeMedium MuiButton-containedSizeMedium MuiButton-colorInfo MuiButton-root MuiButton-contained MuiButton-containedInfo MuiButton-sizeMedium MuiButton-containedSizeMedium MuiButton-colorInfo css-fm83n0-MuiButtonBase-root-MuiButton-root"
                    id=":r1:"
                    tabindex="0"
                    type="button"
                  >
                    YAML 出力
                  </button>
                </div>
                <div
                  class="MuiBox-root css-0"
                >
                  <button
                    class="MuiButtonBase-root MuiButton-root MuiButton-contained MuiButton-containedInfo MuiButton-sizeMedium MuiButton-containedSizeMedium MuiButton-colorInfo MuiButton-root MuiButton-contained MuiButton-containedInfo MuiButton-sizeMedium MuiButton-containedSizeMedium MuiButton-colorInfo css-19ekxha-MuiButtonBase-root-MuiButton-root"
                    id=":r2:"
                    tabindex="0"
                    type="button"
                  >
                    CSV 出力
                  </button>
                </div>
                <div
                  class="MuiBox-root css-0"
                >
                  <button
                    class="MuiButtonBase-root MuiButton-root MuiButton-contained MuiButton-containedInfo MuiButton-sizeMedium MuiButton-containedSizeMedium MuiButton-colorInfo Mui-disabled MuiButton-root MuiButton-contained MuiButton-containedInfo MuiButton-sizeMedium MuiButton-containedSizeMedium MuiButton-colorInfo css-fm83n0-MuiButtonBase-root-MuiButton-root"
                    disabled=""
                    id=":r3:"
                    tabindex="-1"
                    type="button"
                  >
                    <span
                      class="MuiButton-icon MuiButton-startIcon MuiButton-iconSizeMedium css-1sh91j5-MuiButton-startIcon"
                    >
                      <svg
                        aria-hidden="true"
                        class="MuiSvgIcon-root MuiSvgIcon-fontSizeMedium css-1umw9bq-MuiSvgIcon-root"
                        data-testid="DeleteOutlineIcon"
                        focusable="false"
                        viewBox="0 0 24 24"
                      >
                        <path
                          d="M6 19c0 1.1.9 2 2 2h8c1.1 0 2-.9 2-2V7H6zM8 9h8v10H8zm7.5-5-1-1h-5l-1 1H5v2h14V4z"
                        />
                      </svg>
                    </span>
                    まとめて削除
                  </button>
                </div>
              </div>
            </div>
          </div>
          <hr
            class="MuiDivider-root MuiDivider-fullWidth MuiDivider-flexItem css-lhgpb-MuiDivider-root"
          />
        </div>
      </div>
      <div
        class="MuiBox-root css-0"
      >
        <div
          class="MuiBox-root css-j7qwjs"
        >
          <div
            class="MuiBox-root css-xc9v4r"
          >
            <div
              class="MuiPaper-root MuiPaper-elevation MuiPaper-rounded MuiPaper-elevation1 MuiTableContainer-root css-y2ff7i-MuiPaper-root-MuiTableContainer-root"
              style="--Paper-shadow: 0px 2px 1px -1px rgba(0,0,0,0.2),0px 1px 1px 0px rgba(0,0,0,0.14),0px 1px 3px 0px rgba(0,0,0,0.12);"
            >
              <table
                class="MuiTable-root css-1xwxv7r-MuiTable-root"
                id="table_result_list"
              >
                <thead
                  class="MuiTableHead-root css-1a7iywq-MuiTableHead-root"
                >
                  <tr
                    class="MuiTableRow-root MuiTableRow-head css-1zxdl6-MuiTableRow-root"
                  >
                    <th
                      class="MuiTableCell-root MuiTableCell-head MuiTableCell-sizeMedium css-16v8e99-MuiTableCell-root"
                      scope="col"
                    />
                    <th
                      class="MuiTableCell-root MuiTableCell-head MuiTableCell-sizeMedium css-msxbr9-MuiTableCell-root"
                      scope="col"
                    >
                      <div
                        class="MuiBox-root css-1p22ljb"
                      >
                        <p
                          class="MuiTypography-root MuiTypography-body1 css-rizt0-MuiTypography-root"
                        >
                          アイテム名
                        </p>
                        <button
                          class="MuiButtonBase-root MuiIconButton-root MuiIconButton-sizeMedium css-5ws45t-MuiButtonBase-root-MuiIconButton-root"
                          id=":r5:"
                          tabindex="0"
                          type="button"
                        >
                          <svg
                            aria-hidden="true"
                            class="MuiSvgIcon-root MuiSvgIcon-fontSizeMedium css-1umw9bq-MuiSvgIcon-root"
                            data-testid="FilterListIcon"
                            focusable="false"
                            viewBox="0 0 24 24"
                          >
                            <path
                              d="M10 18h4v-2h-4zM3 6v2h18V6zm3 7h12v-2H6z"
                            />
                          </svg>
                        </button>
                      </div>
                    </th>
                  </tr>
                </thead>
                <tbody
                  class="MuiTableBody-root css-gmh7jj-MuiTableBody-root"
                >
                  <tr
                    class="MuiTableRow-root css-19hlvb6-MuiTableRow-root"
                  >
                    <td
                      class="MuiTableCell-root MuiTableCell-body MuiTableCell-sizeMedium css-nvkn62-MuiTableCell-root"
                    >
                      <span
                        class="MuiButtonBase-root MuiCheckbox-root MuiCheckbox-colorPrimary MuiCheckbox-sizeMedium PrivateSwitchBase-root MuiCheckbox-root MuiCheckbox-colorPrimary MuiCheckbox-sizeMedium MuiCheckbox-root MuiCheckbox-colorPrimary MuiCheckbox-sizeMedium css-imrjgg-MuiButtonBase-root-MuiCheckbox-root"
                      >
                        <input
                          class="PrivateSwitchBase-input css-j8yymo"
                          data-indeterminate="false"
                          type="checkbox"
                        />
                        <svg
                          aria-hidden="true"
                          class="MuiSvgIcon-root MuiSvgIcon-fontSizeMedium css-1umw9bq-MuiSvgIcon-root"
                          data-testid="CheckBoxOutlineBlankIcon"
                          focusable="false"
                          viewBox="0 0 24 24"
                        >
                          <path
                            d="M19 5v14H5V5h14m0-2H5c-1.1 0-2 .9-2 2v14c0 1.1.9 2 2 2h14c1.1 0 2-.9 2-2V5c0-1.1-.9-2-2-2z"
                          />
                        </svg>
                      </span>
                    </td>
                    <td
                      class="MuiTableCell-root MuiTableCell-body MuiTableCell-sizeMedium css-1dc80h3-MuiTableCell-root"
                    >
                      <a
                        class="MuiBox-root css-p5ouq3"
                        data-discover="true"
                        href="/ui/entities/1/entries/2/details"
                      >
                        entry1
                      </a>
                    </td>
                  </tr>
                </tbody>
              </table>
            </div>
            <div
              class="MuiBox-root css-5hgm98"
              id="pagination"
            >
              <p
                class="MuiTypography-root MuiTypography-body1 css-rizt0-MuiTypography-root"
              >
                1 - 1 / 1 件
              </p>
              <div
                class="MuiStack-root css-1sazv7p-MuiStack-root"
              >
                <nav
                  aria-label="pagination navigation"
                  class="MuiPagination-root MuiPagination-text css-1xra8g6-MuiPagination-root"
                >
                  <ul
                    class="MuiPagination-ul css-1c5o7vy-MuiPagination-ul"
                  >
                    <li>
                      <button
                        aria-label="Go to previous page"
                        class="MuiButtonBase-root Mui-disabled MuiPaginationItem-root MuiPaginationItem-sizeMedium MuiPaginationItem-text MuiPaginationItem-circular MuiPaginationItem-colorPrimary MuiPaginationItem-textPrimary Mui-disabled MuiPaginationItem-previousNext css-1bug3cd-MuiButtonBase-root-MuiPaginationItem-root"
                        disabled=""
                        tabindex="-1"
                        type="button"
                      >
                        <svg
                          aria-hidden="true"
                          class="MuiSvgIcon-root MuiSvgIcon-fontSizeMedium MuiPaginationItem-icon css-8uzxat-MuiSvgIcon-root-MuiPaginationItem-icon"
                          data-testid="NavigateBeforeIcon"
                          focusable="false"
                          viewBox="0 0 24 24"
                        >
                          <path
                            d="M15.41 7.41L14 6l-6 6 6 6 1.41-1.41L10.83 12z"
                          />
                        </svg>
                      </button>
                    </li>
                    <li>
                      <button
                        aria-current="page"
                        aria-label="page 1"
                        class="MuiButtonBase-root MuiPaginationItem-root MuiPaginationItem-sizeMedium MuiPaginationItem-text MuiPaginationItem-circular MuiPaginationItem-colorPrimary MuiPaginationItem-textPrimary Mui-selected MuiPaginationItem-page css-1bug3cd-MuiButtonBase-root-MuiPaginationItem-root"
                        tabindex="0"
                        type="button"
                      >
                        1
                      </button>
                    </li>
                    <li>
                      <button
                        aria-label="Go to next page"
                        class="MuiButtonBase-root Mui-disabled MuiPaginationItem-root MuiPaginationItem-sizeMedium MuiPaginationItem-text MuiPaginationItem-circular MuiPaginationItem-colorPrimary MuiPaginationItem-textPrimary Mui-disabled MuiPaginationItem-previousNext css-1bug3cd-MuiButtonBase-root-MuiPaginationItem-root"
                        disabled=""
                        tabindex="-1"
                        type="button"
                      >
                        <svg
                          aria-hidden="true"
                          class="MuiSvgIcon-root MuiSvgIcon-fontSizeMedium MuiPaginationItem-icon css-8uzxat-MuiSvgIcon-root-MuiPaginationItem-icon"
                          data-testid="NavigateNextIcon"
                          focusable="false"
                          viewBox="0 0 24 24"
                        >
                          <path
                            d="M10 6L8.59 7.41 13.17 12l-4.58 4.59L10 18l6-6z"
                          />
                        </svg>
                      </button>
                    </li>
                  </ul>
                </nav>
              </div>
            </div>
          </div>
        </div>
      </div>
    </div>
  </div>,
  "debug": [Function],
  "findAllByAltText": [Function],
  "findAllByDisplayValue": [Function],
  "findAllByLabelText": [Function],
  "findAllByPlaceholderText": [Function],
  "findAllByRole": [Function],
  "findAllByTestId": [Function],
  "findAllByText": [Function],
  "findAllByTitle": [Function],
  "findByAltText": [Function],
  "findByDisplayValue": [Function],
  "findByLabelText": [Function],
  "findByPlaceholderText": [Function],
  "findByRole": [Function],
  "findByTestId": [Function],
  "findByText": [Function],
  "findByTitle": [Function],
  "getAllByAltText": [Function],
  "getAllByDisplayValue": [Function],
  "getAllByLabelText": [Function],
  "getAllByPlaceholderText": [Function],
  "getAllByRole": [Function],
  "getAllByTestId": [Function],
  "getAllByText": [Function],
  "getAllByTitle": [Function],
  "getByAltText": [Function],
  "getByDisplayValue": [Function],
  "getByLabelText": [Function],
  "getByPlaceholderText": [Function],
  "getByRole": [Function],
  "getByTestId": [Function],
  "getByText": [Function],
  "getByTitle": [Function],
  "queryAllByAltText": [Function],
  "queryAllByDisplayValue": [Function],
  "queryAllByLabelText": [Function],
  "queryAllByPlaceholderText": [Function],
  "queryAllByRole": [Function],
  "queryAllByTestId": [Function],
  "queryAllByText": [Function],
  "queryAllByTitle": [Function],
  "queryByAltText": [Function],
  "queryByDisplayValue": [Function],
  "queryByLabelText": [Function],
  "queryByPlaceholderText": [Function],
  "queryByRole": [Function],
  "queryByTestId": [Function],
  "queryByText": [Function],
  "queryByTitle": [Function],
  "rerender": [Function],
  "unmount": [Function],
}
`;
