// Jest Snapshot v1, https://goo.gl/fbAQLP

exports[`EntryEditPage should match snapshot 1`] = `
{
  "asFragment": [Function],
  "baseElement": <body>
    <div>
      <div
        class="MuiBox-root css-0"
      >
        <div
          class="MuiBox-root css-1baykhj"
        >
          <div
            class="MuiBox-root css-t0pdf1"
          >
            <div
              class="MuiBox-root css-jqffe8"
            >
              <nav
                aria-label="breadcrumb"
                class="MuiTypography-root MuiTypography-body1 MuiBreadcrumbs-root css-5cvx94-MuiTypography-root-MuiBreadcrumbs-root"
              >
                <ol
                  class="MuiBreadcrumbs-ol css-1uwp4ue-MuiBreadcrumbs-ol"
                >
                  <li
                    class="MuiBreadcrumbs-li"
                  >
                    <a
                      class="MuiTypography-root MuiTypography-body1 css-1rk5fdy-MuiTypography-root"
                      data-discover="true"
                      href="/ui/"
                    >
                      Top
                    </a>
                  </li>
                  <li
                    aria-hidden="true"
                    class="MuiBreadcrumbs-separator css-jhr02i-MuiBreadcrumbs-separator"
                  >
                    /
                  </li>
                  <li
                    class="MuiBreadcrumbs-li"
                  >
                    <a
                      class="MuiTypography-root MuiTypography-body1 css-1rk5fdy-MuiTypography-root"
                      data-discover="true"
                      href="/ui/entities"
                    >
                      モデル一覧
                    </a>
                  </li>
                  <li
                    aria-hidden="true"
                    class="MuiBreadcrumbs-separator css-jhr02i-MuiBreadcrumbs-separator"
                  >
                    /
                  </li>
                  <li
                    class="MuiBreadcrumbs-li"
                  >
                    <div
                      class="MuiBox-root css-162tvoi"
                    >
                      <a
                        class="MuiTypography-root MuiTypography-body1 css-1rk5fdy-MuiTypography-root"
                        data-discover="true"
                        href="/ui/entities/2/entries"
                      >
                        test entity
                      </a>
                      <svg
                        aria-hidden="true"
                        class="MuiSvgIcon-root MuiSvgIcon-fontSizeMedium css-1umw9bq-MuiSvgIcon-root"
                        data-testid="LockIcon"
                        focusable="false"
                        viewBox="0 0 24 24"
                      >
                        <path
                          d="M18 8h-1V6c0-2.76-2.24-5-5-5S7 3.24 7 6v2H6c-1.1 0-2 .9-2 2v10c0 1.1.9 2 2 2h12c1.1 0 2-.9 2-2V10c0-1.1-.9-2-2-2m-6 9c-1.1 0-2-.9-2-2s.9-2 2-2 2 .9 2 2-.9 2-2 2m3.1-9H8.9V6c0-1.71 1.39-3.1 3.1-3.1s3.1 1.39 3.1 3.1z"
                        />
                      </svg>
                    </div>
                  </li>
                  <li
                    aria-hidden="true"
                    class="MuiBreadcrumbs-separator css-jhr02i-MuiBreadcrumbs-separator"
                  >
                    /
                  </li>
                  <li
                    class="MuiBreadcrumbs-li"
                  >
                    <div
                      class="MuiBox-root css-162tvoi"
                    >
                      <a
                        class="MuiTypography-root MuiTypography-body1 css-1rk5fdy-MuiTypography-root"
                        data-discover="true"
                        href="/ui/entities/2/entries/1/details"
                      >
                        test entry
                      </a>
                      <svg
                        aria-hidden="true"
                        class="MuiSvgIcon-root MuiSvgIcon-fontSizeMedium css-1umw9bq-MuiSvgIcon-root"
                        data-testid="LockIcon"
                        focusable="false"
                        viewBox="0 0 24 24"
                      >
                        <path
                          d="M18 8h-1V6c0-2.76-2.24-5-5-5S7 3.24 7 6v2H6c-1.1 0-2 .9-2 2v10c0 1.1.9 2 2 2h12c1.1 0 2-.9 2-2V10c0-1.1-.9-2-2-2m-6 9c-1.1 0-2-.9-2-2s.9-2 2-2 2 .9 2 2-.9 2-2 2m3.1-9H8.9V6c0-1.71 1.39-3.1 3.1-3.1s3.1 1.39 3.1 3.1z"
                        />
                      </svg>
                    </div>
                  </li>
                  <li
                    aria-hidden="true"
                    class="MuiBreadcrumbs-separator css-jhr02i-MuiBreadcrumbs-separator"
                  >
                    /
                  </li>
                  <li
                    class="MuiBreadcrumbs-li"
                  >
                    <p
                      class="MuiTypography-root MuiTypography-body1 css-1bgbmvw-MuiTypography-root"
                    >
                      編集
                    </p>
                  </li>
                </ol>
              </nav>
            </div>
          </div>
        </div>
        <div
          class="MuiBox-root css-1cs9h4l"
        >
          <div
            class="MuiBox-root css-1519avi"
          >
            <div
              class="MuiBox-root css-9rtbay"
            >
              <h6
                class="MuiTypography-root MuiTypography-h6 css-2toz8d-MuiTypography-root"
                id="title"
              >
                test entry
              </h6>
              <h6
                class="MuiTypography-root MuiTypography-subtitle1 css-1i3tsf3-MuiTypography-root"
                id="description"
              >
                アイテム編集
              </h6>
              <div
                class="MuiBox-root css-hoapfw"
              >
                <div
                  class="MuiBox-root css-1kdfklj"
                >
                  <button
                    class="MuiButtonBase-root MuiButton-root MuiButton-contained MuiButton-containedSecondary MuiButton-sizeMedium MuiButton-containedSizeMedium MuiButton-colorSecondary Mui-disabled MuiButton-root MuiButton-contained MuiButton-containedSecondary MuiButton-sizeMedium MuiButton-containedSizeMedium MuiButton-colorSecondary css-8fe6cp-MuiButtonBase-root-MuiButton-root"
                    disabled=""
                    id=":r0:"
                    tabindex="-1"
                    type="button"
                  >
                    保存
                  </button>
                  <button
                    class="MuiButtonBase-root MuiButton-root MuiButton-contained MuiButton-containedInfo MuiButton-sizeMedium MuiButton-containedSizeMedium MuiButton-colorInfo MuiButton-root MuiButton-contained MuiButton-containedInfo MuiButton-sizeMedium MuiButton-containedSizeMedium MuiButton-colorInfo css-152i8rg-MuiButtonBase-root-MuiButton-root"
                    id=":r1:"
                    tabindex="0"
                    type="button"
                  >
                    キャンセル
                  </button>
                </div>
              </div>
            </div>
            <hr
              class="MuiDivider-root MuiDivider-fullWidth MuiDivider-flexItem css-lhgpb-MuiDivider-root"
            />
          </div>
        </div>
        <div
          class="MuiContainer-root MuiContainer-maxWidthLg css-5c1adp-MuiContainer-root"
        >
          <div
            class="MuiBox-root css-1afd0kf"
          >
            <a
              class="MuiButtonBase-root MuiChip-root MuiChip-outlined MuiChip-sizeMedium MuiChip-colorDefault MuiChip-clickable MuiChip-clickableColorDefault MuiChip-outlinedDefault css-soe3uv-MuiButtonBase-root-MuiChip-root"
              href="#name"
              id="chip_name"
              tabindex="0"
            >
              <svg
                aria-hidden="true"
                class="MuiSvgIcon-root MuiSvgIcon-fontSizeMedium MuiChip-icon MuiChip-iconMedium MuiChip-iconColorDefault css-1umw9bq-MuiSvgIcon-root"
                data-testid="ArrowDropDownIcon"
                focusable="false"
                viewBox="0 0 24 24"
              >
                <path
                  d="m7 10 5 5 5-5z"
                />
              </svg>
              <span
                class="MuiChip-label MuiChip-labelMedium css-16cgrcw-MuiChip-label"
              >
                アイテム名
              </span>
            </a>
          </div>
          <table
            class="MuiTable-root css-1xwxv7r-MuiTable-root"
            id="table_attr_list"
          >
            <thead
              class="MuiTableHead-root css-1a7iywq-MuiTableHead-root"
            >
              <tr
                class="MuiTableRow-root MuiTableRow-head css-1wtsgsb-MuiTableRow-root"
              >
                <th
                  class="MuiTableCell-root MuiTableCell-head MuiTableCell-sizeMedium css-7i4wkh-MuiTableCell-root"
                  scope="col"
                >
                  項目
                </th>
                <th
                  class="MuiTableCell-root MuiTableCell-head MuiTableCell-sizeMedium css-7i4wkh-MuiTableCell-root"
                  scope="col"
                >
                  内容
                </th>
              </tr>
            </thead>
            <tbody
              class="MuiTableBody-root css-gmh7jj-MuiTableBody-root"
            >
              <tr
                class="MuiTableRow-root css-1xtozoh-MuiTableRow-root"
              >
                <td
                  class="MuiTableCell-root MuiTableCell-body MuiTableCell-sizeMedium css-1egp9pz-MuiTableCell-root"
                >
                  <div
                    class="MuiBox-root css-yeouz0"
                  >
                    <p
                      class="MuiTypography-root MuiTypography-body1 css-zaqce3-MuiTypography-root"
                      id="name"
                    >
                      アイテム名
                    </p>
                    <p
                      class="MuiTypography-root MuiTypography-body1 css-1yompuc-MuiTypography-root"
                    >
                      必須
                    </p>
                  </div>
                </td>
                <td
                  class="MuiTableCell-root MuiTableCell-body MuiTableCell-sizeMedium css-1egp9pz-MuiTableCell-root"
                >
                  <div
                    class="MuiFormControl-root MuiFormControl-fullWidth MuiTextField-root css-cmpglg-MuiFormControl-root-MuiTextField-root"
                  >
                    <div
                      class="MuiInputBase-root MuiInput-root MuiInput-underline MuiInputBase-colorPrimary MuiInputBase-fullWidth MuiInputBase-formControl css-6h9cc6-MuiInputBase-root-MuiInput-root"
                    >
                      <input
                        aria-invalid="false"
                        class="MuiInputBase-input MuiInput-input css-1yrc8ca-MuiInputBase-input-MuiInput-input"
                        data-1p-ignore="true"
                        id="entry-name"
                        name="name"
                        type="text"
                        value="test entry"
                      />
                    </div>
                  </div>
                </td>
              </tr>
            </tbody>
          </table>
          <div
            class="MuiBox-root css-1h9v3gn"
          >
            <button
              class="MuiButtonBase-root MuiFab-root MuiFab-circular MuiFab-sizeLarge MuiFab-primary MuiFab-root MuiFab-circular MuiFab-sizeLarge MuiFab-primary css-6vxf02-MuiButtonBase-root-MuiFab-root"
              id="scroll_button"
              tabindex="0"
              type="button"
            >
              <svg
                aria-hidden="true"
                class="MuiSvgIcon-root MuiSvgIcon-fontSizeMedium css-1umw9bq-MuiSvgIcon-root"
                data-testid="KeyboardArrowUpRoundedIcon"
                focusable="false"
                viewBox="0 0 24 24"
              >
                <path
                  d="M8.12 14.71 12 10.83l3.88 3.88c.39.39 1.02.39 1.41 0s.39-1.02 0-1.41L12.7 8.71a.996.996 0 0 0-1.41 0L6.7 13.3c-.39.39-.39 1.02 0 1.41.39.38 1.03.39 1.42 0"
                />
              </svg>
            </button>
          </div>
        </div>
      </div>
    </div>
  </body>,
  "container": <div>
    <div
      class="MuiBox-root css-0"
    >
      <div
        class="MuiBox-root css-1baykhj"
      >
        <div
          class="MuiBox-root css-t0pdf1"
        >
          <div
            class="MuiBox-root css-jqffe8"
          >
            <nav
              aria-label="breadcrumb"
              class="MuiTypography-root MuiTypography-body1 MuiBreadcrumbs-root css-5cvx94-MuiTypography-root-MuiBreadcrumbs-root"
            >
              <ol
                class="MuiBreadcrumbs-ol css-1uwp4ue-MuiBreadcrumbs-ol"
              >
                <li
                  class="MuiBreadcrumbs-li"
                >
                  <a
                    class="MuiTypography-root MuiTypography-body1 css-1rk5fdy-MuiTypography-root"
                    data-discover="true"
                    href="/ui/"
                  >
                    Top
                  </a>
                </li>
                <li
                  aria-hidden="true"
                  class="MuiBreadcrumbs-separator css-jhr02i-MuiBreadcrumbs-separator"
                >
                  /
                </li>
                <li
                  class="MuiBreadcrumbs-li"
                >
                  <a
                    class="MuiTypography-root MuiTypography-body1 css-1rk5fdy-MuiTypography-root"
                    data-discover="true"
                    href="/ui/entities"
                  >
                    モデル一覧
                  </a>
                </li>
                <li
                  aria-hidden="true"
                  class="MuiBreadcrumbs-separator css-jhr02i-MuiBreadcrumbs-separator"
                >
                  /
                </li>
                <li
                  class="MuiBreadcrumbs-li"
                >
                  <div
                    class="MuiBox-root css-162tvoi"
                  >
                    <a
                      class="MuiTypography-root MuiTypography-body1 css-1rk5fdy-MuiTypography-root"
                      data-discover="true"
                      href="/ui/entities/2/entries"
                    >
                      test entity
                    </a>
                    <svg
                      aria-hidden="true"
                      class="MuiSvgIcon-root MuiSvgIcon-fontSizeMedium css-1umw9bq-MuiSvgIcon-root"
                      data-testid="LockIcon"
                      focusable="false"
                      viewBox="0 0 24 24"
                    >
                      <path
                        d="M18 8h-1V6c0-2.76-2.24-5-5-5S7 3.24 7 6v2H6c-1.1 0-2 .9-2 2v10c0 1.1.9 2 2 2h12c1.1 0 2-.9 2-2V10c0-1.1-.9-2-2-2m-6 9c-1.1 0-2-.9-2-2s.9-2 2-2 2 .9 2 2-.9 2-2 2m3.1-9H8.9V6c0-1.71 1.39-3.1 3.1-3.1s3.1 1.39 3.1 3.1z"
                      />
                    </svg>
                  </div>
                </li>
                <li
                  aria-hidden="true"
                  class="MuiBreadcrumbs-separator css-jhr02i-MuiBreadcrumbs-separator"
                >
                  /
                </li>
                <li
                  class="MuiBreadcrumbs-li"
                >
                  <div
                    class="MuiBox-root css-162tvoi"
                  >
                    <a
                      class="MuiTypography-root MuiTypography-body1 css-1rk5fdy-MuiTypography-root"
                      data-discover="true"
                      href="/ui/entities/2/entries/1/details"
                    >
                      test entry
                    </a>
                    <svg
                      aria-hidden="true"
                      class="MuiSvgIcon-root MuiSvgIcon-fontSizeMedium css-1umw9bq-MuiSvgIcon-root"
                      data-testid="LockIcon"
                      focusable="false"
                      viewBox="0 0 24 24"
                    >
                      <path
                        d="M18 8h-1V6c0-2.76-2.24-5-5-5S7 3.24 7 6v2H6c-1.1 0-2 .9-2 2v10c0 1.1.9 2 2 2h12c1.1 0 2-.9 2-2V10c0-1.1-.9-2-2-2m-6 9c-1.1 0-2-.9-2-2s.9-2 2-2 2 .9 2 2-.9 2-2 2m3.1-9H8.9V6c0-1.71 1.39-3.1 3.1-3.1s3.1 1.39 3.1 3.1z"
                      />
                    </svg>
                  </div>
                </li>
                <li
                  aria-hidden="true"
                  class="MuiBreadcrumbs-separator css-jhr02i-MuiBreadcrumbs-separator"
                >
                  /
                </li>
                <li
                  class="MuiBreadcrumbs-li"
                >
                  <p
                    class="MuiTypography-root MuiTypography-body1 css-1bgbmvw-MuiTypography-root"
                  >
                    編集
                  </p>
                </li>
              </ol>
            </nav>
          </div>
        </div>
      </div>
      <div
        class="MuiBox-root css-1cs9h4l"
      >
        <div
          class="MuiBox-root css-1519avi"
        >
          <div
            class="MuiBox-root css-9rtbay"
          >
            <h6
              class="MuiTypography-root MuiTypography-h6 css-2toz8d-MuiTypography-root"
              id="title"
            >
              test entry
            </h6>
            <h6
              class="MuiTypography-root MuiTypography-subtitle1 css-1i3tsf3-MuiTypography-root"
              id="description"
            >
              アイテム編集
            </h6>
            <div
              class="MuiBox-root css-hoapfw"
            >
              <div
                class="MuiBox-root css-1kdfklj"
              >
                <button
                  class="MuiButtonBase-root MuiButton-root MuiButton-contained MuiButton-containedSecondary MuiButton-sizeMedium MuiButton-containedSizeMedium MuiButton-colorSecondary Mui-disabled MuiButton-root MuiButton-contained MuiButton-containedSecondary MuiButton-sizeMedium MuiButton-containedSizeMedium MuiButton-colorSecondary css-8fe6cp-MuiButtonBase-root-MuiButton-root"
                  disabled=""
                  id=":r0:"
                  tabindex="-1"
                  type="button"
                >
                  保存
                </button>
                <button
                  class="MuiButtonBase-root MuiButton-root MuiButton-contained MuiButton-containedInfo MuiButton-sizeMedium MuiButton-containedSizeMedium MuiButton-colorInfo MuiButton-root MuiButton-contained MuiButton-containedInfo MuiButton-sizeMedium MuiButton-containedSizeMedium MuiButton-colorInfo css-152i8rg-MuiButtonBase-root-MuiButton-root"
                  id=":r1:"
                  tabindex="0"
                  type="button"
                >
                  キャンセル
                </button>
              </div>
            </div>
          </div>
          <hr
            class="MuiDivider-root MuiDivider-fullWidth MuiDivider-flexItem css-lhgpb-MuiDivider-root"
          />
        </div>
      </div>
      <div
        class="MuiContainer-root MuiContainer-maxWidthLg css-5c1adp-MuiContainer-root"
      >
        <div
          class="MuiBox-root css-1afd0kf"
        >
          <a
            class="MuiButtonBase-root MuiChip-root MuiChip-outlined MuiChip-sizeMedium MuiChip-colorDefault MuiChip-clickable MuiChip-clickableColorDefault MuiChip-outlinedDefault css-soe3uv-MuiButtonBase-root-MuiChip-root"
            href="#name"
            id="chip_name"
            tabindex="0"
          >
            <svg
              aria-hidden="true"
              class="MuiSvgIcon-root MuiSvgIcon-fontSizeMedium MuiChip-icon MuiChip-iconMedium MuiChip-iconColorDefault css-1umw9bq-MuiSvgIcon-root"
              data-testid="ArrowDropDownIcon"
              focusable="false"
              viewBox="0 0 24 24"
            >
              <path
                d="m7 10 5 5 5-5z"
              />
            </svg>
            <span
              class="MuiChip-label MuiChip-labelMedium css-16cgrcw-MuiChip-label"
            >
              アイテム名
            </span>
          </a>
        </div>
        <table
          class="MuiTable-root css-1xwxv7r-MuiTable-root"
          id="table_attr_list"
        >
          <thead
            class="MuiTableHead-root css-1a7iywq-MuiTableHead-root"
          >
            <tr
              class="MuiTableRow-root MuiTableRow-head css-1wtsgsb-MuiTableRow-root"
            >
              <th
                class="MuiTableCell-root MuiTableCell-head MuiTableCell-sizeMedium css-7i4wkh-MuiTableCell-root"
                scope="col"
              >
                項目
              </th>
              <th
                class="MuiTableCell-root MuiTableCell-head MuiTableCell-sizeMedium css-7i4wkh-MuiTableCell-root"
                scope="col"
              >
                内容
              </th>
            </tr>
          </thead>
          <tbody
            class="MuiTableBody-root css-gmh7jj-MuiTableBody-root"
          >
            <tr
              class="MuiTableRow-root css-1xtozoh-MuiTableRow-root"
            >
              <td
                class="MuiTableCell-root MuiTableCell-body MuiTableCell-sizeMedium css-1egp9pz-MuiTableCell-root"
              >
                <div
                  class="MuiBox-root css-yeouz0"
                >
                  <p
                    class="MuiTypography-root MuiTypography-body1 css-zaqce3-MuiTypography-root"
                    id="name"
                  >
                    アイテム名
                  </p>
                  <p
                    class="MuiTypography-root MuiTypography-body1 css-1yompuc-MuiTypography-root"
                  >
                    必須
                  </p>
                </div>
              </td>
              <td
                class="MuiTableCell-root MuiTableCell-body MuiTableCell-sizeMedium css-1egp9pz-MuiTableCell-root"
              >
                <div
                  class="MuiFormControl-root MuiFormControl-fullWidth MuiTextField-root css-cmpglg-MuiFormControl-root-MuiTextField-root"
                >
                  <div
                    class="MuiInputBase-root MuiInput-root MuiInput-underline MuiInputBase-colorPrimary MuiInputBase-fullWidth MuiInputBase-formControl css-6h9cc6-MuiInputBase-root-MuiInput-root"
                  >
                    <input
                      aria-invalid="false"
                      class="MuiInputBase-input MuiInput-input css-1yrc8ca-MuiInputBase-input-MuiInput-input"
                      data-1p-ignore="true"
                      id="entry-name"
                      name="name"
                      type="text"
                      value="test entry"
                    />
                  </div>
                </div>
              </td>
            </tr>
          </tbody>
        </table>
        <div
          class="MuiBox-root css-1h9v3gn"
        >
          <button
            class="MuiButtonBase-root MuiFab-root MuiFab-circular MuiFab-sizeLarge MuiFab-primary MuiFab-root MuiFab-circular MuiFab-sizeLarge MuiFab-primary css-6vxf02-MuiButtonBase-root-MuiFab-root"
            id="scroll_button"
            tabindex="0"
            type="button"
          >
            <svg
              aria-hidden="true"
              class="MuiSvgIcon-root MuiSvgIcon-fontSizeMedium css-1umw9bq-MuiSvgIcon-root"
              data-testid="KeyboardArrowUpRoundedIcon"
              focusable="false"
              viewBox="0 0 24 24"
            >
              <path
                d="M8.12 14.71 12 10.83l3.88 3.88c.39.39 1.02.39 1.41 0s.39-1.02 0-1.41L12.7 8.71a.996.996 0 0 0-1.41 0L6.7 13.3c-.39.39-.39 1.02 0 1.41.39.38 1.03.39 1.42 0"
              />
            </svg>
          </button>
        </div>
      </div>
    </div>
  </div>,
  "debug": [Function],
  "findAllByAltText": [Function],
  "findAllByDisplayValue": [Function],
  "findAllByLabelText": [Function],
  "findAllByPlaceholderText": [Function],
  "findAllByRole": [Function],
  "findAllByTestId": [Function],
  "findAllByText": [Function],
  "findAllByTitle": [Function],
  "findByAltText": [Function],
  "findByDisplayValue": [Function],
  "findByLabelText": [Function],
  "findByPlaceholderText": [Function],
  "findByRole": [Function],
  "findByTestId": [Function],
  "findByText": [Function],
  "findByTitle": [Function],
  "getAllByAltText": [Function],
  "getAllByDisplayValue": [Function],
  "getAllByLabelText": [Function],
  "getAllByPlaceholderText": [Function],
  "getAllByRole": [Function],
  "getAllByTestId": [Function],
  "getAllByText": [Function],
  "getAllByTitle": [Function],
  "getByAltText": [Function],
  "getByDisplayValue": [Function],
  "getByLabelText": [Function],
  "getByPlaceholderText": [Function],
  "getByRole": [Function],
  "getByTestId": [Function],
  "getByText": [Function],
  "getByTitle": [Function],
  "queryAllByAltText": [Function],
  "queryAllByDisplayValue": [Function],
  "queryAllByLabelText": [Function],
  "queryAllByPlaceholderText": [Function],
  "queryAllByRole": [Function],
  "queryAllByTestId": [Function],
  "queryAllByText": [Function],
  "queryAllByTitle": [Function],
  "queryByAltText": [Function],
  "queryByDisplayValue": [Function],
  "queryByLabelText": [Function],
  "queryByPlaceholderText": [Function],
  "queryByRole": [Function],
  "queryByTestId": [Function],
  "queryByText": [Function],
  "queryByTitle": [Function],
  "rerender": [Function],
  "unmount": [Function],
}
`;
