// Jest Snapshot v1, https://goo.gl/fbAQLP

exports[`should match snapshot 1`] = `
{
  "asFragment": [Function],
  "baseElement": <body>
    <div>
      <div
        class="MuiBox-root css-0"
      >
        <div
          class="MuiBox-root css-1baykhj"
        >
          <div
            class="MuiBox-root css-t0pdf1"
          >
            <div
              class="MuiBox-root css-jqffe8"
            >
              <nav
                aria-label="breadcrumb"
                class="MuiTypography-root MuiTypography-body1 MuiBreadcrumbs-root css-5cvx94-MuiTypography-root-MuiBreadcrumbs-root"
              >
                <ol
                  class="MuiBreadcrumbs-ol css-1uwp4ue-MuiBreadcrumbs-ol"
                >
                  <li
                    class="MuiBreadcrumbs-li"
                  >
                    <a
                      class="MuiTypography-root MuiTypography-body1 css-1rk5fdy-MuiTypography-root"
                      data-discover="true"
                      href="/ui/"
                    >
                      Top
                    </a>
                  </li>
                  <li
                    aria-hidden="true"
                    class="MuiBreadcrumbs-separator css-jhr02i-MuiBreadcrumbs-separator"
                  >
                    /
                  </li>
                  <li
                    class="MuiBreadcrumbs-li"
                  >
                    <p
                      class="MuiTypography-root MuiTypography-body1 css-1bgbmvw-MuiTypography-root"
                    >
                      カテゴリ一覧
                    </p>
                  </li>
                </ol>
              </nav>
            </div>
          </div>
        </div>
        <div
          class="MuiBox-root css-1cs9h4l"
        >
          <div
            class="MuiBox-root css-1519avi"
          >
            <div
              class="MuiBox-root css-9rtbay"
            >
              <h6
                class="MuiTypography-root MuiTypography-h6 css-2toz8d-MuiTypography-root"
                id="title"
              >
                カテゴリ一覧
              </h6>
              <h6
                class="MuiTypography-root MuiTypography-subtitle1 css-1i3tsf3-MuiTypography-root"
                id="description"
              />
              <div
                class="MuiBox-root css-hoapfw"
              />
            </div>
            <hr
              class="MuiDivider-root MuiDivider-fullWidth MuiDivider-flexItem css-lhgpb-MuiDivider-root"
            />
          </div>
        </div>
        <div
          class="MuiContainer-root MuiContainer-maxWidthLg css-5c1adp-MuiContainer-root"
        >
          <div
            class="MuiBox-root css-1abudc7"
          >
            <div
              class="MuiBox-root css-1m3p9o7"
            >
              <div
                class="MuiFormControl-root MuiFormControl-fullWidth MuiTextField-root css-14i0oaq-MuiFormControl-root-MuiTextField-root"
              >
                <div
                  class="MuiInputBase-root MuiOutlinedInput-root MuiInputBase-colorPrimary MuiInputBase-fullWidth MuiInputBase-formControl MuiInputBase-adornedStart css-ervgxf-MuiInputBase-root-MuiOutlinedInput-root"
                >
                  <div
                    class="MuiInputAdornment-root MuiInputAdornment-positionStart MuiInputAdornment-outlined MuiInputAdornment-sizeMedium css-1nowbqt-MuiInputAdornment-root"
                  >
                    <span
                      aria-hidden="true"
                      class="notranslate"
                    >
                      ​
                    </span>
                    <svg
                      aria-hidden="true"
                      class="MuiSvgIcon-root MuiSvgIcon-fontSizeMedium css-1umw9bq-MuiSvgIcon-root"
                      data-testid="SearchIcon"
                      focusable="false"
                      viewBox="0 0 24 24"
                    >
                      <path
                        d="M15.5 14h-.79l-.28-.27C15.41 12.59 16 11.11 16 9.5 16 5.91 13.09 3 9.5 3S3 5.91 3 9.5 5.91 16 9.5 16c1.61 0 3.09-.59 4.23-1.57l.27.28v.79l5 4.99L20.49 19zm-6 0C7.01 14 5 11.99 5 9.5S7.01 5 9.5 5 14 7.01 14 9.5 11.99 14 9.5 14"
                      />
                    </svg>
                  </div>
                  <input
                    aria-invalid="false"
                    class="MuiInputBase-input MuiOutlinedInput-input MuiInputBase-inputAdornedStart css-2u11ia-MuiInputBase-input-MuiOutlinedInput-input"
                    id=":r0:"
                    placeholder="カテゴリを絞り込む"
                    type="text"
                    value=""
                  />
                  <fieldset
                    aria-hidden="true"
                    class="MuiOutlinedInput-notchedOutline css-1ll44ll-MuiOutlinedInput-notchedOutline"
                  >
                    <legend
                      class="css-w4cd9x"
                    >
                      <span
                        aria-hidden="true"
                        class="notranslate"
                      >
                        ​
                      </span>
                    </legend>
                  </fieldset>
                </div>
              </div>
            </div>
            <a
              class="MuiButtonBase-root MuiButton-root MuiButton-contained MuiButton-containedSecondary MuiButton-sizeMedium MuiButton-containedSizeMedium MuiButton-colorSecondary MuiButton-root MuiButton-contained MuiButton-containedSecondary MuiButton-sizeMedium MuiButton-containedSizeMedium MuiButton-colorSecondary css-1nhwi5v-MuiButtonBase-root-MuiButton-root"
              data-discover="true"
              href="/ui/categories/new"
              id=":r1:"
              tabindex="0"
            >
              <svg
                aria-hidden="true"
                class="MuiSvgIcon-root MuiSvgIcon-fontSizeMedium css-1umw9bq-MuiSvgIcon-root"
                data-testid="AddIcon"
                focusable="false"
                viewBox="0 0 24 24"
              >
                <path
                  d="M19 13h-6v6h-2v-6H5v-2h6V5h2v6h6z"
                />
              </svg>
               新規カテゴリを作成
            </a>
          </div>
          <div
            class="MuiGrid-root MuiGrid-container MuiGrid-spacing-xs-3 css-1qw2a80-MuiGrid-root"
          >
            <div
              class="MuiGrid-root MuiGrid-item MuiGrid-grid-md-4 css-1ube6tp-MuiGrid-root"
            >
              <ul
                class="MuiList-root MuiList-padding MuiList-subheader css-h1es49-MuiList-root"
              >
                <div
                  class="MuiBox-root css-rmkz11"
                >
                  <div
                    class="MuiBox-root css-l7h7cx"
                  >
                    <div
                      class="MuiBox-root css-ku8je2"
                    >
                      <svg
                        aria-hidden="true"
                        class="MuiSvgIcon-root MuiSvgIcon-fontSizeMedium css-l3h2k7-MuiSvgIcon-root"
                        data-testid="TurnedInTwoToneIcon"
                        focusable="false"
                        viewBox="0 0 24 24"
                      >
                        <path
                          d="M17 3H7c-1.1 0-1.99.9-1.99 2L5 21l7-3 7 3V5c0-1.1-.9-2-2-2m0 14.97-4.21-1.81-.79-.34-.79.34L7 17.97V5h10z"
                        />
                        <path
                          d="m7 17.97 4.21-1.81.79-.34.79.34L17 17.97V5H7z"
                          opacity=".3"
                        />
                      </svg>
                    </div>
                    <div
                      class="MuiTypography-root MuiTypography-h6 css-1miy0lu-MuiTypography-root"
                    >
                      category1
                    </div>
                  </div>
                  <div
                    class="MuiBox-root css-1tkayks"
                  >
                    <button
                      class="MuiButtonBase-root MuiIconButton-root MuiIconButton-sizeMedium css-53g0n7-MuiButtonBase-root-MuiIconButton-root"
                      id=":r2:"
                      tabindex="0"
                      type="button"
                    >
                      <svg
                        aria-hidden="true"
                        class="MuiSvgIcon-root MuiSvgIcon-fontSizeSmall css-120dh41-MuiSvgIcon-root"
                        data-testid="MoreVertIcon"
                        focusable="false"
                        viewBox="0 0 24 24"
                      >
                        <path
                          d="M12 8c1.1 0 2-.9 2-2s-.9-2-2-2-2 .9-2 2 .9 2 2 2m0 2c-1.1 0-2 .9-2 2s.9 2 2 2 2-.9 2-2-.9-2-2-2m0 6c-1.1 0-2 .9-2 2s.9 2 2 2 2-.9 2-2-.9-2-2-2"
                        />
                      </svg>
                    </button>
                  </div>
                </div>
                <div
                  class="MuiBox-root css-1kcxdgd"
                >
                  <a
                    class="MuiTypography-root MuiTypography-body2 css-14btd25-MuiTypography-root"
                    data-discover="true"
                    href="/ui/entities/1/entries"
                  >
                    Entity1
                  </a>
                  <a
                    class="MuiTypography-root MuiTypography-body2 css-14btd25-MuiTypography-root"
                    data-discover="true"
                    href="/ui/entities/2/entries"
                  >
                    Entity2
                  </a>
                </div>
              </ul>
            </div>
            <div
              class="MuiGrid-root MuiGrid-item MuiGrid-grid-md-4 css-1ube6tp-MuiGrid-root"
            >
              <ul
                class="MuiList-root MuiList-padding MuiList-subheader css-h1es49-MuiList-root"
              >
                <div
                  class="MuiBox-root css-rmkz11"
                >
                  <div
                    class="MuiBox-root css-l7h7cx"
                  >
                    <div
                      class="MuiBox-root css-ku8je2"
                    >
                      <svg
                        aria-hidden="true"
                        class="MuiSvgIcon-root MuiSvgIcon-fontSizeMedium css-l3h2k7-MuiSvgIcon-root"
                        data-testid="TurnedInTwoToneIcon"
                        focusable="false"
                        viewBox="0 0 24 24"
                      >
                        <path
                          d="M17 3H7c-1.1 0-1.99.9-1.99 2L5 21l7-3 7 3V5c0-1.1-.9-2-2-2m0 14.97-4.21-1.81-.79-.34-.79.34L7 17.97V5h10z"
                        />
                        <path
                          d="m7 17.97 4.21-1.81.79-.34.79.34L17 17.97V5H7z"
                          opacity=".3"
                        />
                      </svg>
                    </div>
                    <div
                      class="MuiTypography-root MuiTypography-h6 css-1miy0lu-MuiTypography-root"
                    >
                      category2
                    </div>
                  </div>
                  <div
                    class="MuiBox-root css-1tkayks"
                  >
                    <button
                      class="MuiButtonBase-root MuiIconButton-root MuiIconButton-sizeMedium css-53g0n7-MuiButtonBase-root-MuiIconButton-root"
                      id=":r3:"
                      tabindex="0"
                      type="button"
                    >
                      <svg
                        aria-hidden="true"
                        class="MuiSvgIcon-root MuiSvgIcon-fontSizeSmall css-120dh41-MuiSvgIcon-root"
                        data-testid="MoreVertIcon"
                        focusable="false"
                        viewBox="0 0 24 24"
                      >
                        <path
                          d="M12 8c1.1 0 2-.9 2-2s-.9-2-2-2-2 .9-2 2 .9 2 2 2m0 2c-1.1 0-2 .9-2 2s.9 2 2 2 2-.9 2-2-.9-2-2-2m0 6c-1.1 0-2 .9-2 2s.9 2 2 2 2-.9 2-2-.9-2-2-2"
                        />
                      </svg>
                    </button>
                  </div>
                </div>
                <div
                  class="MuiBox-root css-1kcxdgd"
                >
                  <a
                    class="MuiTypography-root MuiTypography-body2 css-14btd25-MuiTypography-root"
                    data-discover="true"
                    href="/ui/entities/3/entries"
                  >
                    Entity3
                  </a>
                </div>
              </ul>
            </div>
          </div>
          <div
            class="MuiBox-root css-5hgm98"
            id="pagination"
          >
            <p
              class="MuiTypography-root MuiTypography-body1 css-rizt0-MuiTypography-root"
            >
              1 - 2 / 2 件
            </p>
            <div
              class="MuiStack-root css-1sazv7p-MuiStack-root"
            >
              <nav
                aria-label="pagination navigation"
                class="MuiPagination-root MuiPagination-text css-1xra8g6-MuiPagination-root"
              >
                <ul
                  class="MuiPagination-ul css-1c5o7vy-MuiPagination-ul"
                >
                  <li>
                    <button
                      aria-label="Go to previous page"
                      class="MuiButtonBase-root Mui-disabled MuiPaginationItem-root MuiPaginationItem-sizeMedium MuiPaginationItem-text MuiPaginationItem-circular MuiPaginationItem-colorPrimary MuiPaginationItem-textPrimary Mui-disabled MuiPaginationItem-previousNext css-1bug3cd-MuiButtonBase-root-MuiPaginationItem-root"
                      disabled=""
                      tabindex="-1"
                      type="button"
                    >
                      <svg
                        aria-hidden="true"
                        class="MuiSvgIcon-root MuiSvgIcon-fontSizeMedium MuiPaginationItem-icon css-8uzxat-MuiSvgIcon-root-MuiPaginationItem-icon"
                        data-testid="NavigateBeforeIcon"
                        focusable="false"
                        viewBox="0 0 24 24"
                      >
                        <path
                          d="M15.41 7.41L14 6l-6 6 6 6 1.41-1.41L10.83 12z"
                        />
                      </svg>
                    </button>
                  </li>
                  <li>
                    <button
                      aria-current="page"
                      aria-label="page 1"
                      class="MuiButtonBase-root MuiPaginationItem-root MuiPaginationItem-sizeMedium MuiPaginationItem-text MuiPaginationItem-circular MuiPaginationItem-colorPrimary MuiPaginationItem-textPrimary Mui-selected MuiPaginationItem-page css-1bug3cd-MuiButtonBase-root-MuiPaginationItem-root"
                      tabindex="0"
                      type="button"
                    >
                      1
                    </button>
                  </li>
                  <li>
                    <button
                      aria-label="Go to next page"
                      class="MuiButtonBase-root Mui-disabled MuiPaginationItem-root MuiPaginationItem-sizeMedium MuiPaginationItem-text MuiPaginationItem-circular MuiPaginationItem-colorPrimary MuiPaginationItem-textPrimary Mui-disabled MuiPaginationItem-previousNext css-1bug3cd-MuiButtonBase-root-MuiPaginationItem-root"
                      disabled=""
                      tabindex="-1"
                      type="button"
                    >
                      <svg
                        aria-hidden="true"
                        class="MuiSvgIcon-root MuiSvgIcon-fontSizeMedium MuiPaginationItem-icon css-8uzxat-MuiSvgIcon-root-MuiPaginationItem-icon"
                        data-testid="NavigateNextIcon"
                        focusable="false"
                        viewBox="0 0 24 24"
                      >
                        <path
                          d="M10 6L8.59 7.41 13.17 12l-4.58 4.59L10 18l6-6z"
                        />
                      </svg>
                    </button>
                  </li>
                </ul>
              </nav>
            </div>
          </div>
        </div>
      </div>
    </div>
  </body>,
  "container": <div>
    <div
      class="MuiBox-root css-0"
    >
      <div
        class="MuiBox-root css-1baykhj"
      >
        <div
          class="MuiBox-root css-t0pdf1"
        >
          <div
            class="MuiBox-root css-jqffe8"
          >
            <nav
              aria-label="breadcrumb"
              class="MuiTypography-root MuiTypography-body1 MuiBreadcrumbs-root css-5cvx94-MuiTypography-root-MuiBreadcrumbs-root"
            >
              <ol
                class="MuiBreadcrumbs-ol css-1uwp4ue-MuiBreadcrumbs-ol"
              >
                <li
                  class="MuiBreadcrumbs-li"
                >
                  <a
                    class="MuiTypography-root MuiTypography-body1 css-1rk5fdy-MuiTypography-root"
                    data-discover="true"
                    href="/ui/"
                  >
                    Top
                  </a>
                </li>
                <li
                  aria-hidden="true"
                  class="MuiBreadcrumbs-separator css-jhr02i-MuiBreadcrumbs-separator"
                >
                  /
                </li>
                <li
                  class="MuiBreadcrumbs-li"
                >
                  <p
                    class="MuiTypography-root MuiTypography-body1 css-1bgbmvw-MuiTypography-root"
                  >
                    カテゴリ一覧
                  </p>
                </li>
              </ol>
            </nav>
          </div>
        </div>
      </div>
      <div
        class="MuiBox-root css-1cs9h4l"
      >
        <div
          class="MuiBox-root css-1519avi"
        >
          <div
            class="MuiBox-root css-9rtbay"
          >
            <h6
              class="MuiTypography-root MuiTypography-h6 css-2toz8d-MuiTypography-root"
              id="title"
            >
              カテゴリ一覧
            </h6>
            <h6
              class="MuiTypography-root MuiTypography-subtitle1 css-1i3tsf3-MuiTypography-root"
              id="description"
            />
            <div
              class="MuiBox-root css-hoapfw"
            />
          </div>
          <hr
            class="MuiDivider-root MuiDivider-fullWidth MuiDivider-flexItem css-lhgpb-MuiDivider-root"
          />
        </div>
      </div>
      <div
        class="MuiContainer-root MuiContainer-maxWidthLg css-5c1adp-MuiContainer-root"
      >
        <div
          class="MuiBox-root css-1abudc7"
        >
          <div
            class="MuiBox-root css-1m3p9o7"
          >
            <div
              class="MuiFormControl-root MuiFormControl-fullWidth MuiTextField-root css-14i0oaq-MuiFormControl-root-MuiTextField-root"
            >
              <div
                class="MuiInputBase-root MuiOutlinedInput-root MuiInputBase-colorPrimary MuiInputBase-fullWidth MuiInputBase-formControl MuiInputBase-adornedStart css-ervgxf-MuiInputBase-root-MuiOutlinedInput-root"
              >
                <div
                  class="MuiInputAdornment-root MuiInputAdornment-positionStart MuiInputAdornment-outlined MuiInputAdornment-sizeMedium css-1nowbqt-MuiInputAdornment-root"
                >
                  <span
                    aria-hidden="true"
                    class="notranslate"
                  >
                    ​
                  </span>
                  <svg
                    aria-hidden="true"
                    class="MuiSvgIcon-root MuiSvgIcon-fontSizeMedium css-1umw9bq-MuiSvgIcon-root"
                    data-testid="SearchIcon"
                    focusable="false"
                    viewBox="0 0 24 24"
                  >
                    <path
                      d="M15.5 14h-.79l-.28-.27C15.41 12.59 16 11.11 16 9.5 16 5.91 13.09 3 9.5 3S3 5.91 3 9.5 5.91 16 9.5 16c1.61 0 3.09-.59 4.23-1.57l.27.28v.79l5 4.99L20.49 19zm-6 0C7.01 14 5 11.99 5 9.5S7.01 5 9.5 5 14 7.01 14 9.5 11.99 14 9.5 14"
                    />
                  </svg>
                </div>
                <input
                  aria-invalid="false"
                  class="MuiInputBase-input MuiOutlinedInput-input MuiInputBase-inputAdornedStart css-2u11ia-MuiInputBase-input-MuiOutlinedInput-input"
                  id=":r0:"
                  placeholder="カテゴリを絞り込む"
                  type="text"
                  value=""
                />
                <fieldset
                  aria-hidden="true"
                  class="MuiOutlinedInput-notchedOutline css-1ll44ll-MuiOutlinedInput-notchedOutline"
                >
                  <legend
                    class="css-w4cd9x"
                  >
                    <span
                      aria-hidden="true"
                      class="notranslate"
                    >
                      ​
                    </span>
                  </legend>
                </fieldset>
              </div>
            </div>
          </div>
          <a
            class="MuiButtonBase-root MuiButton-root MuiButton-contained MuiButton-containedSecondary MuiButton-sizeMedium MuiButton-containedSizeMedium MuiButton-colorSecondary MuiButton-root MuiButton-contained MuiButton-containedSecondary MuiButton-sizeMedium MuiButton-containedSizeMedium MuiButton-colorSecondary css-1nhwi5v-MuiButtonBase-root-MuiButton-root"
            data-discover="true"
            href="/ui/categories/new"
            id=":r1:"
            tabindex="0"
          >
            <svg
              aria-hidden="true"
              class="MuiSvgIcon-root MuiSvgIcon-fontSizeMedium css-1umw9bq-MuiSvgIcon-root"
              data-testid="AddIcon"
              focusable="false"
              viewBox="0 0 24 24"
            >
              <path
                d="M19 13h-6v6h-2v-6H5v-2h6V5h2v6h6z"
              />
            </svg>
             新規カテゴリを作成
          </a>
        </div>
        <div
          class="MuiGrid-root MuiGrid-container MuiGrid-spacing-xs-3 css-1qw2a80-MuiGrid-root"
        >
          <div
            class="MuiGrid-root MuiGrid-item MuiGrid-grid-md-4 css-1ube6tp-MuiGrid-root"
          >
            <ul
              class="MuiList-root MuiList-padding MuiList-subheader css-h1es49-MuiList-root"
            >
              <div
                class="MuiBox-root css-rmkz11"
              >
                <div
                  class="MuiBox-root css-l7h7cx"
                >
                  <div
                    class="MuiBox-root css-ku8je2"
                  >
                    <svg
                      aria-hidden="true"
                      class="MuiSvgIcon-root MuiSvgIcon-fontSizeMedium css-l3h2k7-MuiSvgIcon-root"
                      data-testid="TurnedInTwoToneIcon"
                      focusable="false"
                      viewBox="0 0 24 24"
                    >
                      <path
                        d="M17 3H7c-1.1 0-1.99.9-1.99 2L5 21l7-3 7 3V5c0-1.1-.9-2-2-2m0 14.97-4.21-1.81-.79-.34-.79.34L7 17.97V5h10z"
                      />
                      <path
                        d="m7 17.97 4.21-1.81.79-.34.79.34L17 17.97V5H7z"
                        opacity=".3"
                      />
                    </svg>
                  </div>
                  <div
                    class="MuiTypography-root MuiTypography-h6 css-1miy0lu-MuiTypography-root"
                  >
                    category1
                  </div>
                </div>
                <div
                  class="MuiBox-root css-1tkayks"
                >
                  <button
                    class="MuiButtonBase-root MuiIconButton-root MuiIconButton-sizeMedium css-53g0n7-MuiButtonBase-root-MuiIconButton-root"
                    id=":r2:"
                    tabindex="0"
                    type="button"
                  >
                    <svg
                      aria-hidden="true"
                      class="MuiSvgIcon-root MuiSvgIcon-fontSizeSmall css-120dh41-MuiSvgIcon-root"
                      data-testid="MoreVertIcon"
                      focusable="false"
                      viewBox="0 0 24 24"
                    >
                      <path
                        d="M12 8c1.1 0 2-.9 2-2s-.9-2-2-2-2 .9-2 2 .9 2 2 2m0 2c-1.1 0-2 .9-2 2s.9 2 2 2 2-.9 2-2-.9-2-2-2m0 6c-1.1 0-2 .9-2 2s.9 2 2 2 2-.9 2-2-.9-2-2-2"
                      />
                    </svg>
                  </button>
                </div>
              </div>
              <div
                class="MuiBox-root css-1kcxdgd"
              >
                <a
                  class="MuiTypography-root MuiTypography-body2 css-14btd25-MuiTypography-root"
                  data-discover="true"
                  href="/ui/entities/1/entries"
                >
                  Entity1
                </a>
                <a
                  class="MuiTypography-root MuiTypography-body2 css-14btd25-MuiTypography-root"
                  data-discover="true"
                  href="/ui/entities/2/entries"
                >
                  Entity2
                </a>
              </div>
            </ul>
          </div>
          <div
            class="MuiGrid-root MuiGrid-item MuiGrid-grid-md-4 css-1ube6tp-MuiGrid-root"
          >
            <ul
              class="MuiList-root MuiList-padding MuiList-subheader css-h1es49-MuiList-root"
            >
              <div
                class="MuiBox-root css-rmkz11"
              >
                <div
                  class="MuiBox-root css-l7h7cx"
                >
                  <div
                    class="MuiBox-root css-ku8je2"
                  >
                    <svg
                      aria-hidden="true"
                      class="MuiSvgIcon-root MuiSvgIcon-fontSizeMedium css-l3h2k7-MuiSvgIcon-root"
                      data-testid="TurnedInTwoToneIcon"
                      focusable="false"
                      viewBox="0 0 24 24"
                    >
                      <path
                        d="M17 3H7c-1.1 0-1.99.9-1.99 2L5 21l7-3 7 3V5c0-1.1-.9-2-2-2m0 14.97-4.21-1.81-.79-.34-.79.34L7 17.97V5h10z"
                      />
                      <path
                        d="m7 17.97 4.21-1.81.79-.34.79.34L17 17.97V5H7z"
                        opacity=".3"
                      />
                    </svg>
                  </div>
                  <div
                    class="MuiTypography-root MuiTypography-h6 css-1miy0lu-MuiTypography-root"
                  >
                    category2
                  </div>
                </div>
                <div
                  class="MuiBox-root css-1tkayks"
                >
                  <button
                    class="MuiButtonBase-root MuiIconButton-root MuiIconButton-sizeMedium css-53g0n7-MuiButtonBase-root-MuiIconButton-root"
                    id=":r3:"
                    tabindex="0"
                    type="button"
                  >
                    <svg
                      aria-hidden="true"
                      class="MuiSvgIcon-root MuiSvgIcon-fontSizeSmall css-120dh41-MuiSvgIcon-root"
                      data-testid="MoreVertIcon"
                      focusable="false"
                      viewBox="0 0 24 24"
                    >
                      <path
                        d="M12 8c1.1 0 2-.9 2-2s-.9-2-2-2-2 .9-2 2 .9 2 2 2m0 2c-1.1 0-2 .9-2 2s.9 2 2 2 2-.9 2-2-.9-2-2-2m0 6c-1.1 0-2 .9-2 2s.9 2 2 2 2-.9 2-2-.9-2-2-2"
                      />
                    </svg>
                  </button>
                </div>
              </div>
              <div
                class="MuiBox-root css-1kcxdgd"
              >
                <a
                  class="MuiTypography-root MuiTypography-body2 css-14btd25-MuiTypography-root"
                  data-discover="true"
                  href="/ui/entities/3/entries"
                >
                  Entity3
                </a>
              </div>
            </ul>
          </div>
        </div>
        <div
          class="MuiBox-root css-5hgm98"
          id="pagination"
        >
          <p
            class="MuiTypography-root MuiTypography-body1 css-rizt0-MuiTypography-root"
          >
            1 - 2 / 2 件
          </p>
          <div
            class="MuiStack-root css-1sazv7p-MuiStack-root"
          >
            <nav
              aria-label="pagination navigation"
              class="MuiPagination-root MuiPagination-text css-1xra8g6-MuiPagination-root"
            >
              <ul
                class="MuiPagination-ul css-1c5o7vy-MuiPagination-ul"
              >
                <li>
                  <button
                    aria-label="Go to previous page"
                    class="MuiButtonBase-root Mui-disabled MuiPaginationItem-root MuiPaginationItem-sizeMedium MuiPaginationItem-text MuiPaginationItem-circular MuiPaginationItem-colorPrimary MuiPaginationItem-textPrimary Mui-disabled MuiPaginationItem-previousNext css-1bug3cd-MuiButtonBase-root-MuiPaginationItem-root"
                    disabled=""
                    tabindex="-1"
                    type="button"
                  >
                    <svg
                      aria-hidden="true"
                      class="MuiSvgIcon-root MuiSvgIcon-fontSizeMedium MuiPaginationItem-icon css-8uzxat-MuiSvgIcon-root-MuiPaginationItem-icon"
                      data-testid="NavigateBeforeIcon"
                      focusable="false"
                      viewBox="0 0 24 24"
                    >
                      <path
                        d="M15.41 7.41L14 6l-6 6 6 6 1.41-1.41L10.83 12z"
                      />
                    </svg>
                  </button>
                </li>
                <li>
                  <button
                    aria-current="page"
                    aria-label="page 1"
                    class="MuiButtonBase-root MuiPaginationItem-root MuiPaginationItem-sizeMedium MuiPaginationItem-text MuiPaginationItem-circular MuiPaginationItem-colorPrimary MuiPaginationItem-textPrimary Mui-selected MuiPaginationItem-page css-1bug3cd-MuiButtonBase-root-MuiPaginationItem-root"
                    tabindex="0"
                    type="button"
                  >
                    1
                  </button>
                </li>
                <li>
                  <button
                    aria-label="Go to next page"
                    class="MuiButtonBase-root Mui-disabled MuiPaginationItem-root MuiPaginationItem-sizeMedium MuiPaginationItem-text MuiPaginationItem-circular MuiPaginationItem-colorPrimary MuiPaginationItem-textPrimary Mui-disabled MuiPaginationItem-previousNext css-1bug3cd-MuiButtonBase-root-MuiPaginationItem-root"
                    disabled=""
                    tabindex="-1"
                    type="button"
                  >
                    <svg
                      aria-hidden="true"
                      class="MuiSvgIcon-root MuiSvgIcon-fontSizeMedium MuiPaginationItem-icon css-8uzxat-MuiSvgIcon-root-MuiPaginationItem-icon"
                      data-testid="NavigateNextIcon"
                      focusable="false"
                      viewBox="0 0 24 24"
                    >
                      <path
                        d="M10 6L8.59 7.41 13.17 12l-4.58 4.59L10 18l6-6z"
                      />
                    </svg>
                  </button>
                </li>
              </ul>
            </nav>
          </div>
        </div>
      </div>
    </div>
  </div>,
  "debug": [Function],
  "findAllByAltText": [Function],
  "findAllByDisplayValue": [Function],
  "findAllByLabelText": [Function],
  "findAllByPlaceholderText": [Function],
  "findAllByRole": [Function],
  "findAllByTestId": [Function],
  "findAllByText": [Function],
  "findAllByTitle": [Function],
  "findByAltText": [Function],
  "findByDisplayValue": [Function],
  "findByLabelText": [Function],
  "findByPlaceholderText": [Function],
  "findByRole": [Function],
  "findByTestId": [Function],
  "findByText": [Function],
  "findByTitle": [Function],
  "getAllByAltText": [Function],
  "getAllByDisplayValue": [Function],
  "getAllByLabelText": [Function],
  "getAllByPlaceholderText": [Function],
  "getAllByRole": [Function],
  "getAllByTestId": [Function],
  "getAllByText": [Function],
  "getAllByTitle": [Function],
  "getByAltText": [Function],
  "getByDisplayValue": [Function],
  "getByLabelText": [Function],
  "getByPlaceholderText": [Function],
  "getByRole": [Function],
  "getByTestId": [Function],
  "getByText": [Function],
  "getByTitle": [Function],
  "queryAllByAltText": [Function],
  "queryAllByDisplayValue": [Function],
  "queryAllByLabelText": [Function],
  "queryAllByPlaceholderText": [Function],
  "queryAllByRole": [Function],
  "queryAllByTestId": [Function],
  "queryAllByText": [Function],
  "queryAllByTitle": [Function],
  "queryByAltText": [Function],
  "queryByDisplayValue": [Function],
  "queryByLabelText": [Function],
  "queryByPlaceholderText": [Function],
  "queryByRole": [Function],
  "queryByTestId": [Function],
  "queryByText": [Function],
  "queryByTitle": [Function],
  "rerender": [Function],
  "unmount": [Function],
}
`;
