// Jest Snapshot v1, https://goo.gl/fbAQLP

exports[`EditTriggerPage should match snapshot 1`] = `
{
  "asFragment": [Function],
  "baseElement": <body>
    <div>
      <div
        class="MuiBox-root css-0"
      >
        <div
          class="MuiBox-root css-1baykhj"
        >
          <div
            class="MuiBox-root css-t0pdf1"
          >
            <div
              class="MuiBox-root css-jqffe8"
            >
              <nav
                aria-label="breadcrumb"
                class="MuiTypography-root MuiTypography-body1 MuiBreadcrumbs-root css-5cvx94-MuiTypography-root-MuiBreadcrumbs-root"
              >
                <ol
                  class="MuiBreadcrumbs-ol css-1uwp4ue-MuiBreadcrumbs-ol"
                >
                  <li
                    class="MuiBreadcrumbs-li"
                  >
                    <a
<<<<<<< HEAD
                      class="MuiTypography-root MuiTypography-body1 css-rizt0-MuiTypography-root"
=======
                      class="MuiTypography-root MuiTypography-body1 css-z7oskh-MuiTypography-root"
>>>>>>> master
                      data-discover="true"
                      href="/ui/"
                    >
                      Top
                    </a>
                  </li>
                  <li
                    aria-hidden="true"
                    class="MuiBreadcrumbs-separator css-jhr02i-MuiBreadcrumbs-separator"
                  >
                    /
                  </li>
                  <li
                    class="MuiBreadcrumbs-li"
                  >
                    <a
<<<<<<< HEAD
                      class="MuiTypography-root MuiTypography-body1 css-rizt0-MuiTypography-root"
=======
                      class="MuiTypography-root MuiTypography-body1 css-z7oskh-MuiTypography-root"
>>>>>>> master
                      data-discover="true"
                      href="/ui/triggers"
                    >
                      トリガー管理
                    </a>
                  </li>
                  <li
                    aria-hidden="true"
                    class="MuiBreadcrumbs-separator css-jhr02i-MuiBreadcrumbs-separator"
                  >
                    /
                  </li>
                  <li
                    class="MuiBreadcrumbs-li"
                  >
                    <p
                      class="MuiTypography-root MuiTypography-body1 css-1bgbmvw-MuiTypography-root"
                    >
                      編集
                    </p>
                  </li>
                </ol>
              </nav>
            </div>
          </div>
        </div>
        <div
          class="MuiBox-root css-1cs9h4l"
        >
          <div
            class="MuiBox-root css-1519avi"
          >
            <div
              class="MuiBox-root css-9rtbay"
            >
              <h6
                class="MuiTypography-root MuiTypography-h6 css-2toz8d-MuiTypography-root"
                id="title"
              >
                test entity
              </h6>
              <h6
                class="MuiTypography-root MuiTypography-subtitle1 css-1i3tsf3-MuiTypography-root"
                id="description"
              >
                トリガー編集
              </h6>
              <div
                class="MuiBox-root css-hoapfw"
              >
                <div
                  class="MuiBox-root css-1kdfklj"
                >
                  <button
                    class="MuiButtonBase-root MuiButton-root MuiButton-contained MuiButton-containedSecondary MuiButton-sizeMedium MuiButton-containedSizeMedium MuiButton-colorSecondary Mui-disabled MuiButton-root MuiButton-contained MuiButton-containedSecondary MuiButton-sizeMedium MuiButton-containedSizeMedium MuiButton-colorSecondary css-8fe6cp-MuiButtonBase-root-MuiButton-root"
                    disabled=""
                    id=":r0:"
                    tabindex="-1"
                    type="button"
                  >
                    保存
                  </button>
                  <button
                    class="MuiButtonBase-root MuiButton-root MuiButton-contained MuiButton-containedInfo MuiButton-sizeMedium MuiButton-containedSizeMedium MuiButton-colorInfo MuiButton-root MuiButton-contained MuiButton-containedInfo MuiButton-sizeMedium MuiButton-containedSizeMedium MuiButton-colorInfo css-152i8rg-MuiButtonBase-root-MuiButton-root"
                    id=":r1:"
                    tabindex="0"
                    type="button"
                  >
                    キャンセル
                  </button>
                </div>
              </div>
            </div>
            <hr
              class="MuiDivider-root MuiDivider-fullWidth MuiDivider-flexItem css-lhgpb-MuiDivider-root"
            />
          </div>
        </div>
        <div
          class="MuiContainer-root MuiContainer-maxWidthLg css-5c1adp-MuiContainer-root"
        >
          <div
            class="MuiBox-root css-eatyye"
          >
            <h4
              class="MuiTypography-root MuiTypography-h4 css-f84ov1-MuiTypography-root"
            >
              設定対象のモデル
            </h4>
            <div
              class="MuiAutocomplete-root MuiAutocomplete-fullWidth MuiAutocomplete-hasClearIcon MuiAutocomplete-hasPopupIcon css-1w98mmc-MuiAutocomplete-root"
            >
              <div
                class="MuiFormControl-root MuiFormControl-fullWidth MuiTextField-root css-cmpglg-MuiFormControl-root-MuiTextField-root"
              >
                <div
                  class="MuiInputBase-root MuiOutlinedInput-root MuiInputBase-colorPrimary MuiInputBase-fullWidth MuiInputBase-formControl MuiInputBase-adornedEnd MuiAutocomplete-inputRoot css-1n04w30-MuiInputBase-root-MuiOutlinedInput-root"
                >
                  <input
                    aria-autocomplete="list"
                    aria-expanded="false"
                    aria-invalid="false"
                    autocapitalize="none"
                    autocomplete="off"
                    class="MuiInputBase-input MuiOutlinedInput-input MuiInputBase-inputAdornedEnd MuiAutocomplete-input MuiAutocomplete-inputFocused css-1dune0f-MuiInputBase-input-MuiOutlinedInput-input"
                    id=":r2:"
                    placeholder="モデルを選択"
                    role="combobox"
                    spellcheck="false"
                    type="text"
                    value="test entity"
                  />
                  <div
                    class="MuiAutocomplete-endAdornment css-1uhhrmm-MuiAutocomplete-endAdornment"
                  >
                    <button
                      aria-label="Clear"
                      class="MuiButtonBase-root MuiIconButton-root MuiIconButton-sizeMedium MuiAutocomplete-clearIndicator css-1x7n7v0-MuiButtonBase-root-MuiIconButton-root-MuiAutocomplete-clearIndicator"
                      id=":r5:"
                      tabindex="-1"
                      title="Clear"
                      type="button"
                    >
                      <svg
                        aria-hidden="true"
                        class="MuiSvgIcon-root MuiSvgIcon-fontSizeSmall css-120dh41-MuiSvgIcon-root"
                        data-testid="CloseIcon"
                        focusable="false"
                        viewBox="0 0 24 24"
                      >
                        <path
                          d="M19 6.41L17.59 5 12 10.59 6.41 5 5 6.41 10.59 12 5 17.59 6.41 19 12 13.41 17.59 19 19 17.59 13.41 12z"
                        />
                      </svg>
                    </button>
                    <button
                      aria-label="Open"
                      class="MuiButtonBase-root MuiIconButton-root MuiIconButton-sizeMedium MuiAutocomplete-popupIndicator css-2y136s-MuiButtonBase-root-MuiIconButton-root-MuiAutocomplete-popupIndicator"
                      id=":r4:"
                      tabindex="-1"
                      title="Open"
                      type="button"
                    >
                      <svg
                        aria-hidden="true"
                        class="MuiSvgIcon-root MuiSvgIcon-fontSizeMedium css-1umw9bq-MuiSvgIcon-root"
                        data-testid="ArrowDropDownIcon"
                        focusable="false"
                        viewBox="0 0 24 24"
                      >
                        <path
                          d="M7 10l5 5 5-5z"
                        />
                      </svg>
                    </button>
                  </div>
                  <fieldset
                    aria-hidden="true"
                    class="MuiOutlinedInput-notchedOutline css-1ll44ll-MuiOutlinedInput-notchedOutline"
                  >
                    <legend
                      class="css-w4cd9x"
                    >
                      <span
                        aria-hidden="true"
                        class="notranslate"
                      >
                        ​
                      </span>
                    </legend>
                  </fieldset>
                </div>
              </div>
            </div>
          </div>
          <div
            class="MuiBox-root css-eatyye"
          >
            <h4
              class="MuiTypography-root MuiTypography-h4 MuiTypography-alignCenter css-1na57pt-MuiTypography-root"
              style="--Typography-textAlign: center;"
            >
              条件
            </h4>
            <table
              class="MuiTable-root css-1xwxv7r-MuiTable-root"
              data-testid="conditions"
            >
              <thead
                class="MuiTableHead-root css-1a7iywq-MuiTableHead-root"
              >
                <tr
                  class="MuiTableRow-root MuiTableRow-head css-1wtsgsb-MuiTableRow-root"
                >
                  <th
                    class="MuiTableCell-root MuiTableCell-head MuiTableCell-sizeMedium css-8816du-MuiTableCell-root"
                    scope="col"
                    width="400px"
                  >
                    属性名
                  </th>
                  <th
                    class="MuiTableCell-root MuiTableCell-head MuiTableCell-sizeMedium css-8816du-MuiTableCell-root"
                    scope="col"
                    width="400px"
                  >
                    値
                  </th>
                  <th
                    class="MuiTableCell-root MuiTableCell-head MuiTableCell-sizeMedium css-8816du-MuiTableCell-root"
                    scope="col"
                    width="100px"
                  >
                    削除
                  </th>
                  <th
                    class="MuiTableCell-root MuiTableCell-head MuiTableCell-sizeMedium css-8816du-MuiTableCell-root"
                    scope="col"
                    width="100px"
                  >
                    追加
                  </th>
                </tr>
              </thead>
              <tbody
                class="MuiTableBody-root css-x2c5vp-MuiTableBody-root"
              >
                <tr
                  class="MuiTableRow-root css-1xtozoh-MuiTableRow-root"
                >
                  <td
                    class="MuiTableCell-root MuiTableCell-body MuiTableCell-sizeMedium css-1dc80h3-MuiTableCell-root"
                  />
                  <td
                    class="MuiTableCell-root MuiTableCell-body MuiTableCell-sizeMedium css-1dc80h3-MuiTableCell-root"
                  />
                  <td
                    class="MuiTableCell-root MuiTableCell-body MuiTableCell-sizeMedium css-1dc80h3-MuiTableCell-root"
                  />
                  <td
                    class="MuiTableCell-root MuiTableCell-body MuiTableCell-sizeMedium css-1dc80h3-MuiTableCell-root"
                  >
                    <button
                      class="MuiButtonBase-root MuiIconButton-root MuiIconButton-sizeMedium css-53g0n7-MuiButtonBase-root-MuiIconButton-root"
                      id=":r6:"
                      tabindex="0"
                      type="button"
                    >
                      <svg
                        aria-hidden="true"
                        class="MuiSvgIcon-root MuiSvgIcon-fontSizeMedium css-1umw9bq-MuiSvgIcon-root"
                        data-testid="AddIcon"
                        focusable="false"
                        viewBox="0 0 24 24"
                      >
                        <path
                          d="M19 13h-6v6h-2v-6H5v-2h6V5h2v6h6z"
                        />
                      </svg>
                    </button>
                  </td>
                </tr>
              </tbody>
            </table>
          </div>
          <div
            class="MuiBox-root css-eatyye"
          >
            <h4
              class="MuiTypography-root MuiTypography-h4 MuiTypography-alignCenter css-1na57pt-MuiTypography-root"
              style="--Typography-textAlign: center;"
            >
              アクション
            </h4>
            <table
              class="MuiTable-root css-1xwxv7r-MuiTable-root"
              data-testid="actions"
            >
              <thead
                class="MuiTableHead-root css-1a7iywq-MuiTableHead-root"
              >
                <tr
                  class="MuiTableRow-root MuiTableRow-head css-1wtsgsb-MuiTableRow-root"
                >
                  <th
                    class="MuiTableCell-root MuiTableCell-head MuiTableCell-sizeMedium css-8816du-MuiTableCell-root"
                    scope="col"
                    width="400px"
                  >
                    属性名
                  </th>
                  <th
                    class="MuiTableCell-root MuiTableCell-head MuiTableCell-sizeMedium css-8816du-MuiTableCell-root"
                    scope="col"
                    width="400px"
                  >
                    値
                  </th>
                  <th
                    class="MuiTableCell-root MuiTableCell-head MuiTableCell-sizeMedium css-8816du-MuiTableCell-root"
                    scope="col"
                    width="100px"
                  >
                    削除
                  </th>
                  <th
                    class="MuiTableCell-root MuiTableCell-head MuiTableCell-sizeMedium css-8816du-MuiTableCell-root"
                    scope="col"
                    width="100px"
                  >
                    追加
                  </th>
                </tr>
              </thead>
              <tbody
                class="MuiTableBody-root css-x2c5vp-MuiTableBody-root"
              >
                <tr
                  class="MuiTableRow-root css-1xtozoh-MuiTableRow-root"
                >
                  <td
                    class="MuiTableCell-root MuiTableCell-body MuiTableCell-sizeMedium css-1dc80h3-MuiTableCell-root"
                  />
                  <td
                    class="MuiTableCell-root MuiTableCell-body MuiTableCell-sizeMedium css-1dc80h3-MuiTableCell-root"
                  />
                  <td
                    class="MuiTableCell-root MuiTableCell-body MuiTableCell-sizeMedium css-1dc80h3-MuiTableCell-root"
                  />
                  <td
                    class="MuiTableCell-root MuiTableCell-body MuiTableCell-sizeMedium css-1dc80h3-MuiTableCell-root"
                  >
                    <button
                      class="MuiButtonBase-root MuiIconButton-root MuiIconButton-sizeMedium css-53g0n7-MuiButtonBase-root-MuiIconButton-root"
                      id=":r7:"
                      tabindex="0"
                      type="button"
                    >
                      <svg
                        aria-hidden="true"
                        class="MuiSvgIcon-root MuiSvgIcon-fontSizeMedium css-1umw9bq-MuiSvgIcon-root"
                        data-testid="AddIcon"
                        focusable="false"
                        viewBox="0 0 24 24"
                      >
                        <path
                          d="M19 13h-6v6h-2v-6H5v-2h6V5h2v6h6z"
                        />
                      </svg>
                    </button>
                  </td>
                </tr>
              </tbody>
            </table>
          </div>
        </div>
      </div>
    </div>
  </body>,
  "container": <div>
    <div
      class="MuiBox-root css-0"
    >
      <div
        class="MuiBox-root css-1baykhj"
      >
        <div
          class="MuiBox-root css-t0pdf1"
        >
          <div
            class="MuiBox-root css-jqffe8"
          >
            <nav
              aria-label="breadcrumb"
              class="MuiTypography-root MuiTypography-body1 MuiBreadcrumbs-root css-5cvx94-MuiTypography-root-MuiBreadcrumbs-root"
            >
              <ol
                class="MuiBreadcrumbs-ol css-1uwp4ue-MuiBreadcrumbs-ol"
              >
                <li
                  class="MuiBreadcrumbs-li"
                >
                  <a
<<<<<<< HEAD
                    class="MuiTypography-root MuiTypography-body1 css-rizt0-MuiTypography-root"
=======
                    class="MuiTypography-root MuiTypography-body1 css-z7oskh-MuiTypography-root"
>>>>>>> master
                    data-discover="true"
                    href="/ui/"
                  >
                    Top
                  </a>
                </li>
                <li
                  aria-hidden="true"
                  class="MuiBreadcrumbs-separator css-jhr02i-MuiBreadcrumbs-separator"
                >
                  /
                </li>
                <li
                  class="MuiBreadcrumbs-li"
                >
                  <a
<<<<<<< HEAD
                    class="MuiTypography-root MuiTypography-body1 css-rizt0-MuiTypography-root"
=======
                    class="MuiTypography-root MuiTypography-body1 css-z7oskh-MuiTypography-root"
>>>>>>> master
                    data-discover="true"
                    href="/ui/triggers"
                  >
                    トリガー管理
                  </a>
                </li>
                <li
                  aria-hidden="true"
                  class="MuiBreadcrumbs-separator css-jhr02i-MuiBreadcrumbs-separator"
                >
                  /
                </li>
                <li
                  class="MuiBreadcrumbs-li"
                >
                  <p
                    class="MuiTypography-root MuiTypography-body1 css-1bgbmvw-MuiTypography-root"
                  >
                    編集
                  </p>
                </li>
              </ol>
            </nav>
          </div>
        </div>
      </div>
      <div
        class="MuiBox-root css-1cs9h4l"
      >
        <div
          class="MuiBox-root css-1519avi"
        >
          <div
            class="MuiBox-root css-9rtbay"
          >
            <h6
              class="MuiTypography-root MuiTypography-h6 css-2toz8d-MuiTypography-root"
              id="title"
            >
              test entity
            </h6>
            <h6
              class="MuiTypography-root MuiTypography-subtitle1 css-1i3tsf3-MuiTypography-root"
              id="description"
            >
              トリガー編集
            </h6>
            <div
              class="MuiBox-root css-hoapfw"
            >
              <div
                class="MuiBox-root css-1kdfklj"
              >
                <button
                  class="MuiButtonBase-root MuiButton-root MuiButton-contained MuiButton-containedSecondary MuiButton-sizeMedium MuiButton-containedSizeMedium MuiButton-colorSecondary Mui-disabled MuiButton-root MuiButton-contained MuiButton-containedSecondary MuiButton-sizeMedium MuiButton-containedSizeMedium MuiButton-colorSecondary css-8fe6cp-MuiButtonBase-root-MuiButton-root"
                  disabled=""
                  id=":r0:"
                  tabindex="-1"
                  type="button"
                >
                  保存
                </button>
                <button
                  class="MuiButtonBase-root MuiButton-root MuiButton-contained MuiButton-containedInfo MuiButton-sizeMedium MuiButton-containedSizeMedium MuiButton-colorInfo MuiButton-root MuiButton-contained MuiButton-containedInfo MuiButton-sizeMedium MuiButton-containedSizeMedium MuiButton-colorInfo css-152i8rg-MuiButtonBase-root-MuiButton-root"
                  id=":r1:"
                  tabindex="0"
                  type="button"
                >
                  キャンセル
                </button>
              </div>
            </div>
          </div>
          <hr
            class="MuiDivider-root MuiDivider-fullWidth MuiDivider-flexItem css-lhgpb-MuiDivider-root"
          />
        </div>
      </div>
      <div
        class="MuiContainer-root MuiContainer-maxWidthLg css-5c1adp-MuiContainer-root"
      >
        <div
          class="MuiBox-root css-eatyye"
        >
          <h4
            class="MuiTypography-root MuiTypography-h4 css-f84ov1-MuiTypography-root"
          >
            設定対象のモデル
          </h4>
          <div
            class="MuiAutocomplete-root MuiAutocomplete-fullWidth MuiAutocomplete-hasClearIcon MuiAutocomplete-hasPopupIcon css-1w98mmc-MuiAutocomplete-root"
          >
            <div
              class="MuiFormControl-root MuiFormControl-fullWidth MuiTextField-root css-cmpglg-MuiFormControl-root-MuiTextField-root"
            >
              <div
                class="MuiInputBase-root MuiOutlinedInput-root MuiInputBase-colorPrimary MuiInputBase-fullWidth MuiInputBase-formControl MuiInputBase-adornedEnd MuiAutocomplete-inputRoot css-1n04w30-MuiInputBase-root-MuiOutlinedInput-root"
              >
                <input
                  aria-autocomplete="list"
                  aria-expanded="false"
                  aria-invalid="false"
                  autocapitalize="none"
                  autocomplete="off"
                  class="MuiInputBase-input MuiOutlinedInput-input MuiInputBase-inputAdornedEnd MuiAutocomplete-input MuiAutocomplete-inputFocused css-1dune0f-MuiInputBase-input-MuiOutlinedInput-input"
                  id=":r2:"
                  placeholder="モデルを選択"
                  role="combobox"
                  spellcheck="false"
                  type="text"
                  value="test entity"
                />
                <div
                  class="MuiAutocomplete-endAdornment css-1uhhrmm-MuiAutocomplete-endAdornment"
                >
                  <button
                    aria-label="Clear"
                    class="MuiButtonBase-root MuiIconButton-root MuiIconButton-sizeMedium MuiAutocomplete-clearIndicator css-1x7n7v0-MuiButtonBase-root-MuiIconButton-root-MuiAutocomplete-clearIndicator"
                    id=":r5:"
                    tabindex="-1"
                    title="Clear"
                    type="button"
                  >
                    <svg
                      aria-hidden="true"
                      class="MuiSvgIcon-root MuiSvgIcon-fontSizeSmall css-120dh41-MuiSvgIcon-root"
                      data-testid="CloseIcon"
                      focusable="false"
                      viewBox="0 0 24 24"
                    >
                      <path
                        d="M19 6.41L17.59 5 12 10.59 6.41 5 5 6.41 10.59 12 5 17.59 6.41 19 12 13.41 17.59 19 19 17.59 13.41 12z"
                      />
                    </svg>
                  </button>
                  <button
                    aria-label="Open"
                    class="MuiButtonBase-root MuiIconButton-root MuiIconButton-sizeMedium MuiAutocomplete-popupIndicator css-2y136s-MuiButtonBase-root-MuiIconButton-root-MuiAutocomplete-popupIndicator"
                    id=":r4:"
                    tabindex="-1"
                    title="Open"
                    type="button"
                  >
                    <svg
                      aria-hidden="true"
                      class="MuiSvgIcon-root MuiSvgIcon-fontSizeMedium css-1umw9bq-MuiSvgIcon-root"
                      data-testid="ArrowDropDownIcon"
                      focusable="false"
                      viewBox="0 0 24 24"
                    >
                      <path
                        d="M7 10l5 5 5-5z"
                      />
                    </svg>
                  </button>
                </div>
                <fieldset
                  aria-hidden="true"
                  class="MuiOutlinedInput-notchedOutline css-1ll44ll-MuiOutlinedInput-notchedOutline"
                >
                  <legend
                    class="css-w4cd9x"
                  >
                    <span
                      aria-hidden="true"
                      class="notranslate"
                    >
                      ​
                    </span>
                  </legend>
                </fieldset>
              </div>
            </div>
          </div>
        </div>
        <div
          class="MuiBox-root css-eatyye"
        >
          <h4
            class="MuiTypography-root MuiTypography-h4 MuiTypography-alignCenter css-1na57pt-MuiTypography-root"
            style="--Typography-textAlign: center;"
          >
            条件
          </h4>
          <table
            class="MuiTable-root css-1xwxv7r-MuiTable-root"
            data-testid="conditions"
          >
            <thead
              class="MuiTableHead-root css-1a7iywq-MuiTableHead-root"
            >
              <tr
                class="MuiTableRow-root MuiTableRow-head css-1wtsgsb-MuiTableRow-root"
              >
                <th
                  class="MuiTableCell-root MuiTableCell-head MuiTableCell-sizeMedium css-8816du-MuiTableCell-root"
                  scope="col"
                  width="400px"
                >
                  属性名
                </th>
                <th
                  class="MuiTableCell-root MuiTableCell-head MuiTableCell-sizeMedium css-8816du-MuiTableCell-root"
                  scope="col"
                  width="400px"
                >
                  値
                </th>
                <th
                  class="MuiTableCell-root MuiTableCell-head MuiTableCell-sizeMedium css-8816du-MuiTableCell-root"
                  scope="col"
                  width="100px"
                >
                  削除
                </th>
                <th
                  class="MuiTableCell-root MuiTableCell-head MuiTableCell-sizeMedium css-8816du-MuiTableCell-root"
                  scope="col"
                  width="100px"
                >
                  追加
                </th>
              </tr>
            </thead>
            <tbody
              class="MuiTableBody-root css-x2c5vp-MuiTableBody-root"
            >
              <tr
                class="MuiTableRow-root css-1xtozoh-MuiTableRow-root"
              >
                <td
                  class="MuiTableCell-root MuiTableCell-body MuiTableCell-sizeMedium css-1dc80h3-MuiTableCell-root"
                />
                <td
                  class="MuiTableCell-root MuiTableCell-body MuiTableCell-sizeMedium css-1dc80h3-MuiTableCell-root"
                />
                <td
                  class="MuiTableCell-root MuiTableCell-body MuiTableCell-sizeMedium css-1dc80h3-MuiTableCell-root"
                />
                <td
                  class="MuiTableCell-root MuiTableCell-body MuiTableCell-sizeMedium css-1dc80h3-MuiTableCell-root"
                >
                  <button
                    class="MuiButtonBase-root MuiIconButton-root MuiIconButton-sizeMedium css-53g0n7-MuiButtonBase-root-MuiIconButton-root"
                    id=":r6:"
                    tabindex="0"
                    type="button"
                  >
                    <svg
                      aria-hidden="true"
                      class="MuiSvgIcon-root MuiSvgIcon-fontSizeMedium css-1umw9bq-MuiSvgIcon-root"
                      data-testid="AddIcon"
                      focusable="false"
                      viewBox="0 0 24 24"
                    >
                      <path
                        d="M19 13h-6v6h-2v-6H5v-2h6V5h2v6h6z"
                      />
                    </svg>
                  </button>
                </td>
              </tr>
            </tbody>
          </table>
        </div>
        <div
          class="MuiBox-root css-eatyye"
        >
          <h4
            class="MuiTypography-root MuiTypography-h4 MuiTypography-alignCenter css-1na57pt-MuiTypography-root"
            style="--Typography-textAlign: center;"
          >
            アクション
          </h4>
          <table
            class="MuiTable-root css-1xwxv7r-MuiTable-root"
            data-testid="actions"
          >
            <thead
              class="MuiTableHead-root css-1a7iywq-MuiTableHead-root"
            >
              <tr
                class="MuiTableRow-root MuiTableRow-head css-1wtsgsb-MuiTableRow-root"
              >
                <th
                  class="MuiTableCell-root MuiTableCell-head MuiTableCell-sizeMedium css-8816du-MuiTableCell-root"
                  scope="col"
                  width="400px"
                >
                  属性名
                </th>
                <th
                  class="MuiTableCell-root MuiTableCell-head MuiTableCell-sizeMedium css-8816du-MuiTableCell-root"
                  scope="col"
                  width="400px"
                >
                  値
                </th>
                <th
                  class="MuiTableCell-root MuiTableCell-head MuiTableCell-sizeMedium css-8816du-MuiTableCell-root"
                  scope="col"
                  width="100px"
                >
                  削除
                </th>
                <th
                  class="MuiTableCell-root MuiTableCell-head MuiTableCell-sizeMedium css-8816du-MuiTableCell-root"
                  scope="col"
                  width="100px"
                >
                  追加
                </th>
              </tr>
            </thead>
            <tbody
              class="MuiTableBody-root css-x2c5vp-MuiTableBody-root"
            >
              <tr
                class="MuiTableRow-root css-1xtozoh-MuiTableRow-root"
              >
                <td
                  class="MuiTableCell-root MuiTableCell-body MuiTableCell-sizeMedium css-1dc80h3-MuiTableCell-root"
                />
                <td
                  class="MuiTableCell-root MuiTableCell-body MuiTableCell-sizeMedium css-1dc80h3-MuiTableCell-root"
                />
                <td
                  class="MuiTableCell-root MuiTableCell-body MuiTableCell-sizeMedium css-1dc80h3-MuiTableCell-root"
                />
                <td
                  class="MuiTableCell-root MuiTableCell-body MuiTableCell-sizeMedium css-1dc80h3-MuiTableCell-root"
                >
                  <button
                    class="MuiButtonBase-root MuiIconButton-root MuiIconButton-sizeMedium css-53g0n7-MuiButtonBase-root-MuiIconButton-root"
                    id=":r7:"
                    tabindex="0"
                    type="button"
                  >
                    <svg
                      aria-hidden="true"
                      class="MuiSvgIcon-root MuiSvgIcon-fontSizeMedium css-1umw9bq-MuiSvgIcon-root"
                      data-testid="AddIcon"
                      focusable="false"
                      viewBox="0 0 24 24"
                    >
                      <path
                        d="M19 13h-6v6h-2v-6H5v-2h6V5h2v6h6z"
                      />
                    </svg>
                  </button>
                </td>
              </tr>
            </tbody>
          </table>
        </div>
      </div>
    </div>
  </div>,
  "debug": [Function],
  "findAllByAltText": [Function],
  "findAllByDisplayValue": [Function],
  "findAllByLabelText": [Function],
  "findAllByPlaceholderText": [Function],
  "findAllByRole": [Function],
  "findAllByTestId": [Function],
  "findAllByText": [Function],
  "findAllByTitle": [Function],
  "findByAltText": [Function],
  "findByDisplayValue": [Function],
  "findByLabelText": [Function],
  "findByPlaceholderText": [Function],
  "findByRole": [Function],
  "findByTestId": [Function],
  "findByText": [Function],
  "findByTitle": [Function],
  "getAllByAltText": [Function],
  "getAllByDisplayValue": [Function],
  "getAllByLabelText": [Function],
  "getAllByPlaceholderText": [Function],
  "getAllByRole": [Function],
  "getAllByTestId": [Function],
  "getAllByText": [Function],
  "getAllByTitle": [Function],
  "getByAltText": [Function],
  "getByDisplayValue": [Function],
  "getByLabelText": [Function],
  "getByPlaceholderText": [Function],
  "getByRole": [Function],
  "getByTestId": [Function],
  "getByText": [Function],
  "getByTitle": [Function],
  "queryAllByAltText": [Function],
  "queryAllByDisplayValue": [Function],
  "queryAllByLabelText": [Function],
  "queryAllByPlaceholderText": [Function],
  "queryAllByRole": [Function],
  "queryAllByTestId": [Function],
  "queryAllByText": [Function],
  "queryAllByTitle": [Function],
  "queryByAltText": [Function],
  "queryByDisplayValue": [Function],
  "queryByLabelText": [Function],
  "queryByPlaceholderText": [Function],
  "queryByRole": [Function],
  "queryByTestId": [Function],
  "queryByText": [Function],
  "queryByTitle": [Function],
  "rerender": [Function],
  "unmount": [Function],
}
`;
