// Jest Snapshot v1, https://goo.gl/fbAQLP

exports[`UserListPage should match snapshot 1`] = `
{
  "asFragment": [Function],
  "baseElement": <body>
    <div>
      <div
        class="container-fluid MuiBox-root css-0"
      >
        <div
          class="MuiBox-root css-1baykhj"
        >
          <div
            class="MuiBox-root css-t0pdf1"
          >
            <div
              class="MuiBox-root css-jqffe8"
            >
              <nav
                aria-label="breadcrumb"
                class="MuiTypography-root MuiTypography-body1 MuiBreadcrumbs-root css-63vwl1-MuiTypography-root-MuiBreadcrumbs-root"
              >
                <ol
                  class="MuiBreadcrumbs-ol css-4pdmu4-MuiBreadcrumbs-ol"
                >
                  <li
                    class="MuiBreadcrumbs-li"
                  >
                    <a
                      class="MuiTypography-root MuiTypography-body1 css-z7oskh-MuiTypography-root"
                      data-discover="true"
                      href="/ui/"
                    >
                      Top
                    </a>
                  </li>
                  <li
                    aria-hidden="true"
                    class="MuiBreadcrumbs-separator css-1wuw8dw-MuiBreadcrumbs-separator"
                  >
                    /
                  </li>
                  <li
                    class="MuiBreadcrumbs-li"
                  >
                    <p
                      class="MuiTypography-root MuiTypography-body1 css-1gqyz35-MuiTypography-root"
                    >
                      ユーザ管理
                    </p>
                  </li>
                </ol>
              </nav>
            </div>
          </div>
        </div>
        <div
          class="MuiBox-root css-1wo2fgg"
        >
          <div
            class="MuiBox-root css-t1gim7"
          >
            <div
              class="MuiBox-root css-9rtbay"
            >
              <h6
                class="MuiTypography-root MuiTypography-h6 css-178toxd-MuiTypography-root"
                id="title"
              >
                ユーザ管理
              </h6>
              <h6
                class="MuiTypography-root MuiTypography-subtitle1 css-10wpov9-MuiTypography-root"
                id="description"
              />
              <div
                class="MuiBox-root css-1b3gh38"
              >
                <div
                  class="MuiBox-root css-70qvj9"
                >
                  <button
                    class="MuiButtonBase-root MuiButton-root MuiButton-contained MuiButton-containedInfo MuiButton-sizeMedium MuiButton-containedSizeMedium MuiButton-root MuiButton-contained MuiButton-containedInfo MuiButton-sizeMedium MuiButton-containedSizeMedium css-xb2qhg-MuiButtonBase-root-MuiButton-root"
                    tabindex="0"
                    type="button"
                  >
                    エクスポート
                    <span
                      class="MuiTouchRipple-root css-8je8zh-MuiTouchRipple-root"
                    />
                  </button>
                  <button
                    class="MuiButtonBase-root MuiButton-root MuiButton-contained MuiButton-containedInfo MuiButton-sizeMedium MuiButton-containedSizeMedium MuiButton-root MuiButton-contained MuiButton-containedInfo MuiButton-sizeMedium MuiButton-containedSizeMedium css-xb2qhg-MuiButtonBase-root-MuiButton-root"
                    tabindex="0"
                    type="button"
                  >
                    インポート
                    <span
                      class="MuiTouchRipple-root css-8je8zh-MuiTouchRipple-root"
                    />
                  </button>
                </div>
              </div>
            </div>
            <hr
              class="MuiDivider-root MuiDivider-fullWidth MuiDivider-flexItem css-yk10cl-MuiDivider-root"
            />
          </div>
        </div>
        <div
          class="MuiContainer-root MuiContainer-maxWidthLg css-1oqqzyl-MuiContainer-root"
        >
          <div
            class="MuiBox-root css-0"
          >
            <div
              class="MuiBox-root css-1abudc7"
            >
              <div
                class="MuiBox-root css-qxh7fn"
              >
                <div
                  class="MuiFormControl-root MuiFormControl-fullWidth MuiTextField-root css-miwl14-MuiFormControl-root-MuiTextField-root"
                >
                  <div
                    class="MuiInputBase-root MuiOutlinedInput-root MuiInputBase-colorPrimary MuiInputBase-fullWidth MuiInputBase-formControl MuiInputBase-adornedStart css-4ama2z-MuiInputBase-root-MuiOutlinedInput-root"
                  >
                    <div
                      class="MuiInputAdornment-root MuiInputAdornment-positionStart MuiInputAdornment-outlined MuiInputAdornment-sizeMedium css-ittuaa-MuiInputAdornment-root"
                    >
                      <span
                        class="notranslate"
                      >
                        ​
                      </span>
                      <svg
                        aria-hidden="true"
                        class="MuiSvgIcon-root MuiSvgIcon-fontSizeMedium css-i4bv87-MuiSvgIcon-root"
                        data-testid="SearchIcon"
                        focusable="false"
                        viewBox="0 0 24 24"
                      >
                        <path
                          d="M15.5 14h-.79l-.28-.27C15.41 12.59 16 11.11 16 9.5 16 5.91 13.09 3 9.5 3S3 5.91 3 9.5 5.91 16 9.5 16c1.61 0 3.09-.59 4.23-1.57l.27.28v.79l5 4.99L20.49 19l-4.99-5zm-6 0C7.01 14 5 11.99 5 9.5S7.01 5 9.5 5 14 7.01 14 9.5 11.99 14 9.5 14z"
                        />
                      </svg>
                    </div>
                    <input
                      aria-invalid="false"
                      class="MuiInputBase-input MuiOutlinedInput-input MuiInputBase-inputAdornedStart css-1o9s3wi-MuiInputBase-input-MuiOutlinedInput-input"
                      id=":r0:"
                      placeholder="ユーザを絞り込む"
                      type="text"
                      value=""
                    />
                    <fieldset
                      aria-hidden="true"
                      class="MuiOutlinedInput-notchedOutline css-1d3z3hw-MuiOutlinedInput-notchedOutline"
                    >
                      <legend
                        class="css-ihdtdm"
                      >
                        <span
                          class="notranslate"
                        >
                          ​
                        </span>
                      </legend>
                    </fieldset>
                  </div>
                </div>
              </div>
              <a
                aria-disabled="true"
                class="MuiButtonBase-root MuiButton-root MuiButton-contained MuiButton-containedSecondary MuiButton-sizeMedium MuiButton-containedSizeMedium Mui-disabled MuiButton-root MuiButton-contained MuiButton-containedSecondary MuiButton-sizeMedium MuiButton-containedSizeMedium css-1dcgaey-MuiButtonBase-root-MuiButton-root"
                data-discover="true"
                href="/ui/users/new"
                tabindex="-1"
              >
                <svg
                  aria-hidden="true"
                  class="MuiSvgIcon-root MuiSvgIcon-fontSizeMedium css-i4bv87-MuiSvgIcon-root"
                  data-testid="AddIcon"
                  focusable="false"
                  viewBox="0 0 24 24"
                >
                  <path
                    d="M19 13h-6v6h-2v-6H5v-2h6V5h2v6h6v2z"
                  />
                </svg>
                新規ユーザを登録
              </a>
            </div>
            <div
              class="MuiGrid-root MuiGrid-container MuiGrid-spacing-xs-2 css-mhc70k-MuiGrid-root"
              id="user_list"
            >
              <div
                class="MuiGrid-root MuiGrid-item MuiGrid-grid-xs-4 css-gj1fbr-MuiGrid-root"
              >
                <div
                  class="MuiPaper-root MuiPaper-elevation MuiPaper-rounded MuiPaper-elevation1 MuiCard-root css-zwt9xa-MuiPaper-root-MuiCard-root"
                >
                  <div
                    class="MuiCardHeader-root css-2hnidy-MuiCardHeader-root"
                  >
                    <div
                      class="MuiCardHeader-content css-1qbkelo-MuiCardHeader-content"
                    >
                      <span
                        class="MuiTypography-root MuiTypography-h5 MuiCardHeader-title css-1qvr50w-MuiTypography-root"
                      >
                        <a
                          class="MuiButtonBase-root MuiCardActionArea-root css-1oitmrd-MuiButtonBase-root-MuiCardActionArea-root"
                          data-discover="true"
                          href="/ui/users/1"
                          tabindex="0"
                        >
                          <p
                            aria-label="user1"
                            class="MuiTypography-root MuiTypography-body1  css-twhdu-MuiTypography-root"
                            data-mui-internal-clone-element="true"
                          >
                            user1
                          </p>
                          <span
                            class="MuiCardActionArea-focusHighlight css-1v2exvi-MuiCardActionArea-focusHighlight"
                          />
                        </a>
                      </span>
                    </div>
                    <div
                      class="MuiCardHeader-action css-sgoict-MuiCardHeader-action"
                    >
                      <button
                        aria-label="名前をコピーしました"
                        class="MuiButtonBase-root MuiIconButton-root MuiIconButton-sizeMedium css-78trlr-MuiButtonBase-root-MuiIconButton-root"
                        data-mui-internal-clone-element="true"
                        tabindex="0"
                        type="button"
                      >
                        <svg
                          aria-hidden="true"
                          class="MuiSvgIcon-root MuiSvgIcon-fontSizeSmall css-ptiqhd-MuiSvgIcon-root"
                          data-testid="ContentCopyIcon"
                          focusable="false"
                          viewBox="0 0 24 24"
                        >
                          <path
                            d="M16 1H4c-1.1 0-2 .9-2 2v14h2V3h12V1zm3 4H8c-1.1 0-2 .9-2 2v14c0 1.1.9 2 2 2h11c1.1 0 2-.9 2-2V7c0-1.1-.9-2-2-2zm0 16H8V7h11v14z"
                          />
                        </svg>
                      </button>
                      <button
                        class="MuiButtonBase-root MuiIconButton-root MuiIconButton-sizeMedium css-78trlr-MuiButtonBase-root-MuiIconButton-root"
                        tabindex="0"
                        type="button"
                      >
                        <svg
                          aria-hidden="true"
                          class="MuiSvgIcon-root MuiSvgIcon-fontSizeSmall css-ptiqhd-MuiSvgIcon-root"
                          data-testid="MoreVertIcon"
                          focusable="false"
                          viewBox="0 0 24 24"
                        >
                          <path
                            d="M12 8c1.1 0 2-.9 2-2s-.9-2-2-2-2 .9-2 2 .9 2 2 2zm0 2c-1.1 0-2 .9-2 2s.9 2 2 2 2-.9 2-2-.9-2-2-2zm0 6c-1.1 0-2 .9-2 2s.9 2 2 2 2-.9 2-2-.9-2-2-2z"
                          />
                        </svg>
                      </button>
                    </div>
                  </div>
                </div>
              </div>
            </div>
            <div
              class="MuiBox-root css-d3lzg9"
              id="pagination"
            >
              <p
                class="MuiTypography-root MuiTypography-body1 css-ahj2mt-MuiTypography-root"
              >
                1 - 1 / 1 件
              </p>
              <div
                class="MuiStack-root css-1sazv7p-MuiStack-root"
              >
                <nav
                  aria-label="pagination navigation"
                  class="MuiPagination-root MuiPagination-text css-1oj2twp-MuiPagination-root"
                >
                  <ul
                    class="MuiPagination-ul css-wjh20t-MuiPagination-ul"
                  >
                    <li>
                      <button
                        aria-label="Go to previous page"
                        class="MuiButtonBase-root Mui-disabled MuiPaginationItem-root MuiPaginationItem-sizeMedium MuiPaginationItem-text MuiPaginationItem-circular MuiPaginationItem-textPrimary Mui-disabled MuiPaginationItem-previousNext css-1to7aaw-MuiButtonBase-root-MuiPaginationItem-root"
                        disabled=""
                        tabindex="-1"
                        type="button"
                      >
                        <svg
                          aria-hidden="true"
                          class="MuiSvgIcon-root MuiSvgIcon-fontSizeMedium MuiPaginationItem-icon css-g2z002-MuiSvgIcon-root-MuiPaginationItem-icon"
                          data-testid="NavigateBeforeIcon"
                          focusable="false"
                          viewBox="0 0 24 24"
                        >
                          <path
                            d="M15.41 7.41L14 6l-6 6 6 6 1.41-1.41L10.83 12z"
                          />
                        </svg>
                      </button>
                    </li>
                    <li>
                      <button
                        aria-current="true"
                        aria-label="page 1"
                        class="MuiButtonBase-root MuiPaginationItem-root MuiPaginationItem-sizeMedium MuiPaginationItem-text MuiPaginationItem-circular MuiPaginationItem-textPrimary Mui-selected MuiPaginationItem-page css-1to7aaw-MuiButtonBase-root-MuiPaginationItem-root"
                        tabindex="0"
                        type="button"
                      >
                        1
                        <span
                          class="MuiTouchRipple-root css-8je8zh-MuiTouchRipple-root"
                        />
                      </button>
                    </li>
                    <li>
                      <button
                        aria-label="Go to next page"
                        class="MuiButtonBase-root Mui-disabled MuiPaginationItem-root MuiPaginationItem-sizeMedium MuiPaginationItem-text MuiPaginationItem-circular MuiPaginationItem-textPrimary Mui-disabled MuiPaginationItem-previousNext css-1to7aaw-MuiButtonBase-root-MuiPaginationItem-root"
                        disabled=""
                        tabindex="-1"
                        type="button"
                      >
                        <svg
                          aria-hidden="true"
                          class="MuiSvgIcon-root MuiSvgIcon-fontSizeMedium MuiPaginationItem-icon css-g2z002-MuiSvgIcon-root-MuiPaginationItem-icon"
                          data-testid="NavigateNextIcon"
                          focusable="false"
                          viewBox="0 0 24 24"
                        >
                          <path
                            d="M10 6L8.59 7.41 13.17 12l-4.58 4.59L10 18l6-6z"
                          />
                        </svg>
                      </button>
                    </li>
                  </ul>
                </nav>
              </div>
            </div>
          </div>
        </div>
      </div>
    </div>
  </body>,
  "container": <div>
    <div
      class="container-fluid MuiBox-root css-0"
    >
      <div
        class="MuiBox-root css-1baykhj"
      >
        <div
          class="MuiBox-root css-t0pdf1"
        >
          <div
            class="MuiBox-root css-jqffe8"
          >
            <nav
              aria-label="breadcrumb"
              class="MuiTypography-root MuiTypography-body1 MuiBreadcrumbs-root css-63vwl1-MuiTypography-root-MuiBreadcrumbs-root"
            >
              <ol
                class="MuiBreadcrumbs-ol css-4pdmu4-MuiBreadcrumbs-ol"
              >
                <li
                  class="MuiBreadcrumbs-li"
                >
                  <a
                    class="MuiTypography-root MuiTypography-body1 css-z7oskh-MuiTypography-root"
                    data-discover="true"
                    href="/ui/"
                  >
                    Top
                  </a>
                </li>
                <li
                  aria-hidden="true"
                  class="MuiBreadcrumbs-separator css-1wuw8dw-MuiBreadcrumbs-separator"
                >
                  /
                </li>
                <li
                  class="MuiBreadcrumbs-li"
                >
                  <p
                    class="MuiTypography-root MuiTypography-body1 css-1gqyz35-MuiTypography-root"
                  >
                    ユーザ管理
                  </p>
                </li>
              </ol>
            </nav>
          </div>
        </div>
      </div>
      <div
        class="MuiBox-root css-1wo2fgg"
      >
        <div
          class="MuiBox-root css-t1gim7"
        >
          <div
            class="MuiBox-root css-9rtbay"
          >
            <h6
              class="MuiTypography-root MuiTypography-h6 css-178toxd-MuiTypography-root"
              id="title"
            >
              ユーザ管理
            </h6>
            <h6
              class="MuiTypography-root MuiTypography-subtitle1 css-10wpov9-MuiTypography-root"
              id="description"
            />
            <div
              class="MuiBox-root css-1b3gh38"
            >
              <div
                class="MuiBox-root css-70qvj9"
              >
                <button
                  class="MuiButtonBase-root MuiButton-root MuiButton-contained MuiButton-containedInfo MuiButton-sizeMedium MuiButton-containedSizeMedium MuiButton-root MuiButton-contained MuiButton-containedInfo MuiButton-sizeMedium MuiButton-containedSizeMedium css-xb2qhg-MuiButtonBase-root-MuiButton-root"
                  tabindex="0"
                  type="button"
                >
                  エクスポート
                  <span
                    class="MuiTouchRipple-root css-8je8zh-MuiTouchRipple-root"
                  />
                </button>
                <button
                  class="MuiButtonBase-root MuiButton-root MuiButton-contained MuiButton-containedInfo MuiButton-sizeMedium MuiButton-containedSizeMedium MuiButton-root MuiButton-contained MuiButton-containedInfo MuiButton-sizeMedium MuiButton-containedSizeMedium css-xb2qhg-MuiButtonBase-root-MuiButton-root"
                  tabindex="0"
                  type="button"
                >
                  インポート
                  <span
                    class="MuiTouchRipple-root css-8je8zh-MuiTouchRipple-root"
                  />
                </button>
              </div>
            </div>
          </div>
          <hr
            class="MuiDivider-root MuiDivider-fullWidth MuiDivider-flexItem css-yk10cl-MuiDivider-root"
          />
        </div>
      </div>
      <div
        class="MuiContainer-root MuiContainer-maxWidthLg css-1oqqzyl-MuiContainer-root"
      >
        <div
          class="MuiBox-root css-0"
        >
          <div
            class="MuiBox-root css-1abudc7"
          >
            <div
              class="MuiBox-root css-qxh7fn"
            >
              <div
                class="MuiFormControl-root MuiFormControl-fullWidth MuiTextField-root css-miwl14-MuiFormControl-root-MuiTextField-root"
              >
                <div
                  class="MuiInputBase-root MuiOutlinedInput-root MuiInputBase-colorPrimary MuiInputBase-fullWidth MuiInputBase-formControl MuiInputBase-adornedStart css-4ama2z-MuiInputBase-root-MuiOutlinedInput-root"
                >
                  <div
                    class="MuiInputAdornment-root MuiInputAdornment-positionStart MuiInputAdornment-outlined MuiInputAdornment-sizeMedium css-ittuaa-MuiInputAdornment-root"
                  >
                    <span
                      class="notranslate"
                    >
                      ​
                    </span>
                    <svg
                      aria-hidden="true"
                      class="MuiSvgIcon-root MuiSvgIcon-fontSizeMedium css-i4bv87-MuiSvgIcon-root"
                      data-testid="SearchIcon"
                      focusable="false"
                      viewBox="0 0 24 24"
                    >
                      <path
                        d="M15.5 14h-.79l-.28-.27C15.41 12.59 16 11.11 16 9.5 16 5.91 13.09 3 9.5 3S3 5.91 3 9.5 5.91 16 9.5 16c1.61 0 3.09-.59 4.23-1.57l.27.28v.79l5 4.99L20.49 19l-4.99-5zm-6 0C7.01 14 5 11.99 5 9.5S7.01 5 9.5 5 14 7.01 14 9.5 11.99 14 9.5 14z"
                      />
                    </svg>
                  </div>
                  <input
                    aria-invalid="false"
                    class="MuiInputBase-input MuiOutlinedInput-input MuiInputBase-inputAdornedStart css-1o9s3wi-MuiInputBase-input-MuiOutlinedInput-input"
                    id=":r0:"
                    placeholder="ユーザを絞り込む"
                    type="text"
                    value=""
                  />
                  <fieldset
                    aria-hidden="true"
                    class="MuiOutlinedInput-notchedOutline css-1d3z3hw-MuiOutlinedInput-notchedOutline"
                  >
                    <legend
                      class="css-ihdtdm"
                    >
                      <span
                        class="notranslate"
                      >
                        ​
                      </span>
                    </legend>
                  </fieldset>
                </div>
              </div>
            </div>
            <a
              aria-disabled="true"
              class="MuiButtonBase-root MuiButton-root MuiButton-contained MuiButton-containedSecondary MuiButton-sizeMedium MuiButton-containedSizeMedium Mui-disabled MuiButton-root MuiButton-contained MuiButton-containedSecondary MuiButton-sizeMedium MuiButton-containedSizeMedium css-1dcgaey-MuiButtonBase-root-MuiButton-root"
              data-discover="true"
              href="/ui/users/new"
              tabindex="-1"
            >
              <svg
                aria-hidden="true"
                class="MuiSvgIcon-root MuiSvgIcon-fontSizeMedium css-i4bv87-MuiSvgIcon-root"
                data-testid="AddIcon"
                focusable="false"
                viewBox="0 0 24 24"
              >
                <path
                  d="M19 13h-6v6h-2v-6H5v-2h6V5h2v6h6v2z"
                />
              </svg>
              新規ユーザを登録
            </a>
          </div>
          <div
            class="MuiGrid-root MuiGrid-container MuiGrid-spacing-xs-2 css-mhc70k-MuiGrid-root"
            id="user_list"
          >
            <div
              class="MuiGrid-root MuiGrid-item MuiGrid-grid-xs-4 css-gj1fbr-MuiGrid-root"
            >
              <div
                class="MuiPaper-root MuiPaper-elevation MuiPaper-rounded MuiPaper-elevation1 MuiCard-root css-zwt9xa-MuiPaper-root-MuiCard-root"
              >
                <div
                  class="MuiCardHeader-root css-2hnidy-MuiCardHeader-root"
                >
                  <div
                    class="MuiCardHeader-content css-1qbkelo-MuiCardHeader-content"
                  >
                    <span
                      class="MuiTypography-root MuiTypography-h5 MuiCardHeader-title css-1qvr50w-MuiTypography-root"
                    >
                      <a
                        class="MuiButtonBase-root MuiCardActionArea-root css-1oitmrd-MuiButtonBase-root-MuiCardActionArea-root"
                        data-discover="true"
                        href="/ui/users/1"
                        tabindex="0"
                      >
                        <p
                          aria-label="user1"
                          class="MuiTypography-root MuiTypography-body1  css-twhdu-MuiTypography-root"
                          data-mui-internal-clone-element="true"
                        >
                          user1
                        </p>
                        <span
                          class="MuiCardActionArea-focusHighlight css-1v2exvi-MuiCardActionArea-focusHighlight"
                        />
                      </a>
                    </span>
                  </div>
                  <div
                    class="MuiCardHeader-action css-sgoict-MuiCardHeader-action"
                  >
                    <button
                      aria-label="名前をコピーしました"
                      class="MuiButtonBase-root MuiIconButton-root MuiIconButton-sizeMedium css-78trlr-MuiButtonBase-root-MuiIconButton-root"
                      data-mui-internal-clone-element="true"
                      tabindex="0"
                      type="button"
                    >
                      <svg
                        aria-hidden="true"
                        class="MuiSvgIcon-root MuiSvgIcon-fontSizeSmall css-ptiqhd-MuiSvgIcon-root"
                        data-testid="ContentCopyIcon"
                        focusable="false"
                        viewBox="0 0 24 24"
                      >
                        <path
                          d="M16 1H4c-1.1 0-2 .9-2 2v14h2V3h12V1zm3 4H8c-1.1 0-2 .9-2 2v14c0 1.1.9 2 2 2h11c1.1 0 2-.9 2-2V7c0-1.1-.9-2-2-2zm0 16H8V7h11v14z"
                        />
                      </svg>
                    </button>
                    <button
                      class="MuiButtonBase-root MuiIconButton-root MuiIconButton-sizeMedium css-78trlr-MuiButtonBase-root-MuiIconButton-root"
                      tabindex="0"
                      type="button"
                    >
                      <svg
                        aria-hidden="true"
                        class="MuiSvgIcon-root MuiSvgIcon-fontSizeSmall css-ptiqhd-MuiSvgIcon-root"
                        data-testid="MoreVertIcon"
                        focusable="false"
                        viewBox="0 0 24 24"
                      >
                        <path
                          d="M12 8c1.1 0 2-.9 2-2s-.9-2-2-2-2 .9-2 2 .9 2 2 2zm0 2c-1.1 0-2 .9-2 2s.9 2 2 2 2-.9 2-2-.9-2-2-2zm0 6c-1.1 0-2 .9-2 2s.9 2 2 2 2-.9 2-2-.9-2-2-2z"
                        />
                      </svg>
                    </button>
                  </div>
                </div>
              </div>
            </div>
          </div>
          <div
            class="MuiBox-root css-d3lzg9"
            id="pagination"
          >
            <p
              class="MuiTypography-root MuiTypography-body1 css-ahj2mt-MuiTypography-root"
            >
              1 - 1 / 1 件
            </p>
            <div
              class="MuiStack-root css-1sazv7p-MuiStack-root"
            >
              <nav
                aria-label="pagination navigation"
                class="MuiPagination-root MuiPagination-text css-1oj2twp-MuiPagination-root"
              >
                <ul
                  class="MuiPagination-ul css-wjh20t-MuiPagination-ul"
                >
                  <li>
                    <button
                      aria-label="Go to previous page"
                      class="MuiButtonBase-root Mui-disabled MuiPaginationItem-root MuiPaginationItem-sizeMedium MuiPaginationItem-text MuiPaginationItem-circular MuiPaginationItem-textPrimary Mui-disabled MuiPaginationItem-previousNext css-1to7aaw-MuiButtonBase-root-MuiPaginationItem-root"
                      disabled=""
                      tabindex="-1"
                      type="button"
                    >
                      <svg
                        aria-hidden="true"
                        class="MuiSvgIcon-root MuiSvgIcon-fontSizeMedium MuiPaginationItem-icon css-g2z002-MuiSvgIcon-root-MuiPaginationItem-icon"
                        data-testid="NavigateBeforeIcon"
                        focusable="false"
                        viewBox="0 0 24 24"
                      >
                        <path
                          d="M15.41 7.41L14 6l-6 6 6 6 1.41-1.41L10.83 12z"
                        />
                      </svg>
                    </button>
                  </li>
                  <li>
                    <button
                      aria-current="true"
                      aria-label="page 1"
                      class="MuiButtonBase-root MuiPaginationItem-root MuiPaginationItem-sizeMedium MuiPaginationItem-text MuiPaginationItem-circular MuiPaginationItem-textPrimary Mui-selected MuiPaginationItem-page css-1to7aaw-MuiButtonBase-root-MuiPaginationItem-root"
                      tabindex="0"
                      type="button"
                    >
                      1
                      <span
                        class="MuiTouchRipple-root css-8je8zh-MuiTouchRipple-root"
                      />
                    </button>
                  </li>
                  <li>
                    <button
                      aria-label="Go to next page"
                      class="MuiButtonBase-root Mui-disabled MuiPaginationItem-root MuiPaginationItem-sizeMedium MuiPaginationItem-text MuiPaginationItem-circular MuiPaginationItem-textPrimary Mui-disabled MuiPaginationItem-previousNext css-1to7aaw-MuiButtonBase-root-MuiPaginationItem-root"
                      disabled=""
                      tabindex="-1"
                      type="button"
                    >
                      <svg
                        aria-hidden="true"
                        class="MuiSvgIcon-root MuiSvgIcon-fontSizeMedium MuiPaginationItem-icon css-g2z002-MuiSvgIcon-root-MuiPaginationItem-icon"
                        data-testid="NavigateNextIcon"
                        focusable="false"
                        viewBox="0 0 24 24"
                      >
                        <path
                          d="M10 6L8.59 7.41 13.17 12l-4.58 4.59L10 18l6-6z"
                        />
                      </svg>
                    </button>
                  </li>
                </ul>
              </nav>
            </div>
          </div>
        </div>
      </div>
    </div>
  </div>,
  "debug": [Function],
  "findAllByAltText": [Function],
  "findAllByDisplayValue": [Function],
  "findAllByLabelText": [Function],
  "findAllByPlaceholderText": [Function],
  "findAllByRole": [Function],
  "findAllByTestId": [Function],
  "findAllByText": [Function],
  "findAllByTitle": [Function],
  "findByAltText": [Function],
  "findByDisplayValue": [Function],
  "findByLabelText": [Function],
  "findByPlaceholderText": [Function],
  "findByRole": [Function],
  "findByTestId": [Function],
  "findByText": [Function],
  "findByTitle": [Function],
  "getAllByAltText": [Function],
  "getAllByDisplayValue": [Function],
  "getAllByLabelText": [Function],
  "getAllByPlaceholderText": [Function],
  "getAllByRole": [Function],
  "getAllByTestId": [Function],
  "getAllByText": [Function],
  "getAllByTitle": [Function],
  "getByAltText": [Function],
  "getByDisplayValue": [Function],
  "getByLabelText": [Function],
  "getByPlaceholderText": [Function],
  "getByRole": [Function],
  "getByTestId": [Function],
  "getByText": [Function],
  "getByTitle": [Function],
  "queryAllByAltText": [Function],
  "queryAllByDisplayValue": [Function],
  "queryAllByLabelText": [Function],
  "queryAllByPlaceholderText": [Function],
  "queryAllByRole": [Function],
  "queryAllByTestId": [Function],
  "queryAllByText": [Function],
  "queryAllByTitle": [Function],
  "queryByAltText": [Function],
  "queryByDisplayValue": [Function],
  "queryByLabelText": [Function],
  "queryByPlaceholderText": [Function],
  "queryByRole": [Function],
  "queryByTestId": [Function],
  "queryByText": [Function],
  "queryByTitle": [Function],
  "rerender": [Function],
  "unmount": [Function],
}
`;
